Component: ARM Compiler 5.06 update 6 (build 750) Tool: armlink [4d35ed]

==============================================================================

Section Cross References

    startup_stm32g070xx.o(RESET) refers to startup_stm32g070xx.o(STACK) for __initial_sp
    startup_stm32g070xx.o(RESET) refers to startup_stm32g070xx.o(.text) for Reset_Handler
    startup_stm32g070xx.o(RESET) refers to stm32g0xx_it.o(i.NMI_Handler) for NMI_Handler
    startup_stm32g070xx.o(RESET) refers to stm32g0xx_it.o(i.HardFault_Handler) for HardFault_Handler
    startup_stm32g070xx.o(RESET) refers to port.o(i.SVC_Handler) for SVC_Handler
    startup_stm32g070xx.o(RESET) refers to port.o(.emb_text) for PendSV_Handler
    startup_stm32g070xx.o(RESET) refers to port.o(i.SysTick_Handler) for SysTick_Handler
    startup_stm32g070xx.o(RESET) refers to stm32g0xx_it.o(i.ADC1_IRQHandler) for ADC1_IRQHandler
    startup_stm32g070xx.o(RESET) refers to stm32g0xx_it.o(i.TIM3_IRQHandler) for TIM3_IRQHandler
    startup_stm32g070xx.o(RESET) refers to stm32g0xx_it.o(i.TIM6_IRQHandler) for TIM6_IRQHandler
    startup_stm32g070xx.o(RESET) refers to stm32g0xx_it.o(i.USART2_IRQHandler) for USART2_IRQHandler
    startup_stm32g070xx.o(RESET) refers to stm32g0xx_it.o(i.USART3_4_IRQHandler) for USART3_4_IRQHandler
    startup_stm32g070xx.o(.text) refers to system_stm32g0xx.o(i.SystemInit) for SystemInit
    startup_stm32g070xx.o(.text) refers to entry.o(.ARM.Collect$$$$00000000) for __main
    peripheral.o(i.Address_Send) refers to peripheral.o(i.TransceiverControl_DJSF1778_S) for TransceiverControl_DJSF1778_S
    peripheral.o(i.Address_Send) refers to stm32g0xx_hal_uart.o(i.HAL_UART_Transmit) for HAL_UART_Transmit
    peripheral.o(i.Address_Send) refers to app_freertos.o(.data) for Info
    peripheral.o(i.Address_Send) refers to usart.o(.bss) for RX3_Buffer
    peripheral.o(i.BEEP_Abnormal) refers to tim.o(i.MX_TIM15_Init) for MX_TIM15_Init
    peripheral.o(i.BEEP_Abnormal) refers to stm32g0xx_hal_tim_ex.o(i.HAL_TIMEx_PWMN_Start) for HAL_TIMEx_PWMN_Start
    peripheral.o(i.BEEP_Abnormal) refers to stm32g0xx_hal.o(i.HAL_Delay) for HAL_Delay
    peripheral.o(i.BEEP_Abnormal) refers to tim.o(i.MX_TIM15_Init_1) for MX_TIM15_Init_1
    peripheral.o(i.BEEP_Abnormal) refers to tim.o(.bss) for htim15
    peripheral.o(i.BEEP_Init) refers to stm32g0xx_hal.o(i.HAL_Delay) for HAL_Delay
    peripheral.o(i.BEEP_Init) refers to tim.o(.bss) for htim15
    peripheral.o(i.BEEP_MOTOR_Abnormal) refers to stm32g0xx_hal.o(i.HAL_Delay) for HAL_Delay
    peripheral.o(i.BEEP_MOTOR_Abnormal) refers to tim.o(.bss) for htim15
    peripheral.o(i.CLR_Buf3) refers to peripheral.o(.bss) for .bss
    peripheral.o(i.CRC8_Tab) refers to peripheral.o(.data) for .data
    peripheral.o(i.Fina) refers to stm32g0xx_hal_gpio.o(i.HAL_GPIO_ReadPin) for HAL_GPIO_ReadPin
    peripheral.o(i.Fina) refers to stm32g0xx_hal.o(i.HAL_Delay) for HAL_Delay
    peripheral.o(i.Fina) refers to printf8.o(i.__0printf$8) for __2printf
    peripheral.o(i.Fina) refers to app_freertos.o(.data) for Info
    peripheral.o(i.Infrared_Detection) refers to stm32g0xx_hal_gpio.o(i.HAL_GPIO_ReadPin) for HAL_GPIO_ReadPin
    peripheral.o(i.LED_Init) refers to stm32g0xx_hal_gpio.o(i.HAL_GPIO_WritePin) for HAL_GPIO_WritePin
    peripheral.o(i.Lock_Com_feedback) refers to peripheral.o(i.TransceiverControl_DJSF1778_S) for TransceiverControl_DJSF1778_S
    peripheral.o(i.Lock_Com_feedback) refers to stm32g0xx_hal_uart.o(i.HAL_UART_Transmit) for HAL_UART_Transmit
    peripheral.o(i.Lock_Com_feedback) refers to app_freertos.o(.data) for Info
    peripheral.o(i.Lock_Com_feedback) refers to usart.o(.bss) for huart3
    peripheral.o(i.Lock_Statu_Send) refers to peripheral.o(i.CRC8_Tab) for CRC8_Tab
    peripheral.o(i.Lock_Statu_Send) refers to peripheral.o(i.TransceiverControl_DJSF1778_S) for TransceiverControl_DJSF1778_S
    peripheral.o(i.Lock_Statu_Send) refers to stm32g0xx_hal_uart.o(i.HAL_UART_Transmit) for HAL_UART_Transmit
    peripheral.o(i.Lock_Statu_Send) refers to app_freertos.o(.data) for Info
    peripheral.o(i.Lock_Statu_Send) refers to usart.o(.data) for Lock_Statu_Flag
    peripheral.o(i.Lock_Statu_Send) refers to usart.o(.bss) for huart3
    peripheral.o(i.MOTOR_SA8321_Control) refers to stm32g0xx_hal.o(i.HAL_Delay) for HAL_Delay
    peripheral.o(i.MOTOR_SA8321_Control) refers to peripheral.o(.data) for .data
    peripheral.o(i.MOTOR_SA8321_Control) refers to tim.o(.bss) for htim1
    peripheral.o(i.Peripheral_Init) refers to peripheral.o(i.LED_Init) for LED_Init
    peripheral.o(i.Peripheral_Init) refers to peripheral.o(i.BEEP_Init) for BEEP_Init
    peripheral.o(i.RCWL_1655_or_9631_UART_Ranging) refers to stm32g0xx_hal_uart.o(i.HAL_UART_Transmit) for HAL_UART_Transmit
    peripheral.o(i.RCWL_1655_or_9631_UART_Ranging) refers to stm32g0xx_hal.o(i.HAL_Delay) for HAL_Delay
    peripheral.o(i.RCWL_1655_or_9631_UART_Ranging) refers to usart.o(.bss) for huart2
[...]
    i.HAL_UART_Transmit                      0x0800284c   Section        0  stm32g0xx_hal_uart.o(i.HAL_UART_Transmit)
    i.HAL_UART_TxCpltCallback                0x08002924   Section        0  stm32g0xx_hal_uart.o(i.HAL_UART_TxCpltCallback)
    i.HardFault_Handler                      0x08002926   Section        0  stm32g0xx_it.o(i.HardFault_Handler)
    i.IWDG_Task                              0x08002928   Section        0  app_freertos.o(i.IWDG_Task)
    i.Infrared_Detection                     0x08002950   Section        0  peripheral.o(i.Infrared_Detection)
    i.LED_Init                               0x0800297c   Section        0  peripheral.o(i.LED_Init)
    i.LL_ADC_IsEnabled                       0x0800298c   Section        0  stm32g0xx_hal_adc.o(i.LL_ADC_IsEnabled)
    LL_ADC_IsEnabled                         0x0800298d   Thumb Code     8  stm32g0xx_hal_adc.o(i.LL_ADC_IsEnabled)
    i.LL_ADC_REG_IsConversionOngoing         0x08002994   Section        0  stm32g0xx_hal_adc.o(i.LL_ADC_REG_IsConversionOngoing)
    LL_ADC_REG_IsConversionOngoing           0x08002995   Thumb Code     8  stm32g0xx_hal_adc.o(i.LL_ADC_REG_IsConversionOngoing)
    i.LL_ADC_REG_IsTriggerSourceSWStart      0x0800299c   Section        0  stm32g0xx_hal_adc.o(i.LL_ADC_REG_IsTriggerSourceSWStart)
    LL_ADC_REG_IsTriggerSourceSWStart        0x0800299d   Thumb Code    16  stm32g0xx_hal_adc.o(i.LL_ADC_REG_IsTriggerSourceSWStart)
    i.LL_ADC_SetCommonPathInternalCh         0x080029ac   Section        0  stm32g0xx_hal_adc.o(i.LL_ADC_SetCommonPathInternalCh)
    LL_ADC_SetCommonPathInternalCh           0x080029ad   Thumb Code    14  stm32g0xx_hal_adc.o(i.LL_ADC_SetCommonPathInternalCh)
    i.LL_ADC_SetSamplingTimeCommonChannels   0x080029ba   Section        0  stm32g0xx_hal_adc.o(i.LL_ADC_SetSamplingTimeCommonChannels)
    LL_ADC_SetSamplingTimeCommonChannels     0x080029bb   Thumb Code    22  stm32g0xx_hal_adc.o(i.LL_ADC_SetSamplingTimeCommonChannels)
    i.Lock_Com_feedback                      0x080029d0   Section        0  peripheral.o(i.Lock_Com_feedback)
    i.Lock_Statu_Send                        0x08002a68   Section        0  peripheral.o(i.Lock_Statu_Send)
    i.MOTOR_SA8321_Control                   0x08002ad4   Section        0  peripheral.o(i.MOTOR_SA8321_Control)
    i.MX_ADC1_Init                           0x08002b40   Section        0  adc.o(i.MX_ADC1_Init)
    i.MX_FREERTOS_Init                       0x08002bb0   Section        0  app_freertos.o(i.MX_FREERTOS_Init)
    i.MX_GPIO_Init                           0x08002c34   Section        0  gpio.o(i.MX_GPIO_Init)
    i.MX_IWDG_Init                           0x08002ce0   Section        0  iwdg.o(i.MX_IWDG_Init)
    i.MX_TIM15_Init                          0x08002d10   Section        0  tim.o(i.MX_TIM15_Init)
    i.MX_TIM15_Init_1                        0x08002dec   Section        0  tim.o(i.MX_TIM15_Init_1)
    i.MX_TIM1_Init                           0x08002ec4   Section        0  tim.o(i.MX_TIM1_Init)
    i.MX_TIM6_Init                           0x08002fc0   Section        0  tim.o(i.MX_TIM6_Init)
    i.MX_USART1_UART_Init                    0x0800300c   Section        0  usart.o(i.MX_USART1_UART_Init)
    i.MX_USART2_UART_Init                    0x08003074   Section        0  usart.o(i.MX_USART2_UART_Init)
    i.MX_USART3_UART_Init                    0x080030dc   Section        0  usart.o(i.MX_USART3_UART_Init)
    i.Main_Task                              0x08003118   Section        0  app_freertos.o(i.Main_Task)
    i.NMI_Handler                            0x08003530   Section        0  stm32g0xx_it.o(i.NMI_Handler)
    i.Peripheral_Init                        0x08003532   Section        0  peripheral.o(i.Peripheral_Init)
    i.RCWL_1655_or_9631_UART_Ranging         0x08003540   Section        0  peripheral.o(i.RCWL_1655_or_9631_UART_Ranging)
    i.Re485_Scan                             0x08003568   Section        0  main.o(i.Re485_Scan)
    i.Read_Add                               0x080035e0   Section        0  peripheral.o(i.Read_Add)
    i.Read_Version                           0x08003628   Section        0  peripheral.o(i.Read_Version)
    i.RxScan                                 0x08003670   Section        0  main.o(i.RxScan)
    i.STMFLASH_Read                          0x080036a8   Section        0  stmflash.o(i.STMFLASH_Read)
    i.STMFLASH_Write                         0x080036c4   Section        0  stmflash.o(i.STMFLASH_Write)
    i.STMFLASH_Write_NoCheck                 0x080037ac   Section        0  stmflash.o(i.STMFLASH_Write_NoCheck)
    i.SVC_Handler                            0x080037d2   Section        0  port.o(i.SVC_Handler)
    i.SysTick_Handler                        0x080037d4   Section        0  port.o(i.SysTick_Handler)
    i.SystemClock_Config                     0x080037f8   Section        0  main.o(i.SystemClock_Config)
    i.SystemInit                             0x0800386a   Section        0  system_stm32g0xx.o(i.SystemInit)
    i.TIM3_IRQHandler                        0x0800386c   Section        0  stm32g0xx_it.o(i.TIM3_IRQHandler)
    i.TIM6_IRQHandler                        0x0800387c   Section        0  stm32g0xx_it.o(i.TIM6_IRQHandler)
    i.TIM_Base_SetConfig                     0x0800388c   Section        0  stm32g0xx_hal_tim.o(i.TIM_Base_SetConfig)
    i.TIM_CCxNChannelCmd                     0x08003914   Section        0  stm32g0xx_hal_tim_ex.o(i.TIM_CCxNChannelCmd)
    TIM_CCxNChannelCmd                       0x08003915   Thumb Code    26  stm32g0xx_hal_tim_ex.o(i.TIM_CCxNChannelCmd)
    i.TIM_ETR_SetConfig                      0x0800392e   Section        0  stm32g0xx_hal_tim.o(i.TIM_ETR_SetConfig)
    i.TIM_ITRx_SetConfig                     0x08003944   Section        0  stm32g0xx_hal_tim.o(i.TIM_ITRx_SetConfig)
    TIM_ITRx_SetConfig                       0x08003945   Thumb Code    16  stm32g0xx_hal_tim.o(i.TIM_ITRx_SetConfig)
    i.TIM_OC1_SetConfig                      0x08003958   Section        0  stm32g0xx_hal_tim.o(i.TIM_OC1_SetConfig)
    TIM_OC1_SetConfig                        0x08003959   Thumb Code   120  stm32g0xx_hal_tim.o(i.TIM_OC1_SetConfig)
    i.TIM_OC2_SetConfig                      0x080039e4   Section        0  stm32g0xx_hal_tim.o(i.TIM_OC2_SetConfig)
    i.TIM_OC3_SetConfig                      0x08003a68   Section        0  stm32g0xx_hal_tim.o(i.TIM_OC3_SetConfig)
    TIM_OC3_SetConfig                        0x08003a69   Thumb Code   114  stm32g0xx_hal_tim.o(i.TIM_OC3_SetConfig)
    i.TIM_OC4_SetConfig                      0x08003af0   Section        0  stm32g0xx_hal_tim.o(i.TIM_OC4_SetConfig)
    TIM_OC4_SetConfig                        0x08003af1   Thumb Code    94  stm32g0xx_hal_tim.o(i.TIM_OC4_SetConfig)
    i.TIM_OC5_SetConfig                      0x08003b64   Section        0  stm32g0xx_hal_tim.o(i.TIM_OC5_SetConfig)
    TIM_OC5_SetConfig                        0x08003b65   Thumb Code    80  stm32g0xx_hal_tim.o(i.TIM_OC5_SetConfig)
    i.TIM_OC6_SetConfig                      0x08003bc8   Section        0  stm32g0xx_hal_tim.o(i.TIM_OC6_SetConfig)
    TIM_OC6_SetConfig                        0x08003bc9   Thumb Code    88  stm32g0xx_hal_tim.o(i.TIM_OC6_SetConfig)
    i.TIM_TI1_ConfigInputStage               0x08003c34   Section        0  stm32g0xx_hal_tim.o(i.TIM_TI1_ConfigInputStage)
    TIM_TI1_ConfigInputStage                 0x08003c35   Thumb Code    34  stm32g0xx_hal_tim.o(i.TIM_TI1_ConfigInputStage)
    i.TIM_TI2_ConfigInputStage               0x08003c56   Section        0  stm32g0xx_hal_tim.o(i.TIM_TI2_ConfigInputStage)
    TIM_TI2_ConfigInputStage                 0x08003c57   Thumb Code    38  stm32g0xx_hal_tim.o(i.TIM_TI2_ConfigInputStage)
    i.TransceiverControl_DJSF1778_S          0x08003c7c   Section        0  peripheral.o(i.TransceiverControl_DJSF1778_S)
    i.UARTEx_SetNbDataToProcess              0x08003c90   Section        0  stm32g0xx_hal_uart_ex.o(i.UARTEx_SetNbDataToProcess)
    UARTEx_SetNbDataToProcess                0x08003c91   Thumb Code    62  stm32g0xx_hal_uart_ex.o(i.UARTEx_SetNbDataToProcess)
    i.UART_AdvFeatureConfig                  0x08003cd4   Section        0  stm32g0xx_hal_uart.o(i.UART_AdvFeatureConfig)
    i.UART_CheckIdleState                    0x08003da0   Section        0  stm32g0xx_hal_uart.o(i.UART_CheckIdleState)
    i.UART_DMAAbortOnError                   0x08003e04   Section        0  stm32g0xx_hal_uart.o(i.UART_DMAAbortOnError)
    UART_DMAAbortOnError                     0x08003e05   Thumb Code    20  stm32g0xx_hal_uart.o(i.UART_DMAAbortOnError)
    i.UART_EndRxTransfer                     0x08003e18   Section        0  stm32g0xx_hal_uart.o(i.UART_EndRxTransfer)
    UART_EndRxTransfer                       0x08003e19   Thumb Code    96  stm32g0xx_hal_uart.o(i.UART_EndRxTransfer)
    i.UART_RxISR_16BIT                       0x08003e7c   Section        0  stm32g0xx_hal_uart.o(i.UART_RxISR_16BIT)
    UART_RxISR_16BIT                         0x08003e7d   Thumb Code   172  stm32g0xx_hal_uart.o(i.UART_RxISR_16BIT)
    i.UART_RxISR_16BIT_FIFOEN                0x08003f28   Section        0  stm32g0xx_hal_uart.o(i.UART_RxISR_16BIT_FIFOEN)
    UART_RxISR_16BIT_FIFOEN                  0x08003f29   Thumb Code   388  stm32g0xx_hal_uart.o(i.UART_RxISR_16BIT_FIFOEN)
    i.UART_RxISR_8BIT                        0x080040b4   Section        0  stm32g0xx_hal_uart.o(i.UART_RxISR_8BIT)
    UART_RxISR_8BIT                          0x080040b5   Thumb Code   172  stm32g0xx_hal_uart.o(i.UART_RxISR_8BIT)
    i.UART_RxISR_8BIT_FIFOEN                 0x08004160   Section        0  stm32g0xx_hal_uart.o(i.UART_RxISR_8BIT_FIFOEN)
    UART_RxISR_8BIT_FIFOEN                   0x08004161   Thumb Code   388  stm32g0xx_hal_uart.o(i.UART_RxISR_8BIT_FIFOEN)
    i.UART_SetConfig                         0x080042ec   Section        0  stm32g0xx_hal_uart.o(i.UART_SetConfig)
    i.UART_Start_Receive_IT                  0x0800447c   Section        0  stm32g0xx_hal_uart.o(i.UART_Start_Receive_IT)
    i.UART_WaitOnFlagUntilTimeout            0x080045b0   Section        0  stm32g0xx_hal_uart.o(i.UART_WaitOnFlagUntilTimeout)
    i.USART2_IRQHandler                      0x08004684   Section        0  stm32g0xx_it.o(i.USART2_IRQHandler)
    i.USART3_4_IRQHandler                    0x08004694   Section        0  stm32g0xx_it.o(i.USART3_4_IRQHandler)
    i.USRT2_receive_handle                   0x080046a4   Section        0  usart.o(i.USRT2_receive_handle)
    i.WuXian_Task                            0x080046f8   Section        0  app_freertos.o(i.WuXian_Task)
    i.__0printf$8                            0x080048c8   Section        0  printf8.o(i.__0printf$8)
    i.__ARM_common_switch8                   0x080048e8   Section        0  app_freertos.o(i.__ARM_common_switch8)
    i.__NVIC_SetPriority                     0x08004904   Section        0  stm32g0xx_hal_cortex.o(i.__NVIC_SetPriority)
    __NVIC_SetPriority                       0x08004905   Thumb Code    60  stm32g0xx_hal_cortex.o(i.__NVIC_SetPriority)
    i.__NVIC_SystemReset                     0x08004948   Section        0  app_freertos.o(i.__NVIC_SystemReset)
    __NVIC_SystemReset                       0x08004949   Thumb Code    18  app_freertos.o(i.__NVIC_SystemReset)
    i.__scatterload_copy                     0x08004964   Section       14  handlers.o(i.__scatterload_copy)
    i.__scatterload_null                     0x08004972   Section        2  handlers.o(i.__scatterload_null)
    i.__scatterload_zeroinit                 0x08004974   Section       14  handlers.o(i.__scatterload_zeroinit)
    i._printf_core                           0x08004984   Section        0  printf8.o(i._printf_core)
    _printf_core                             0x08004985   Thumb Code  1020  printf8.o(i._printf_core)
    i._printf_post_padding                   0x08004dac   Section        0  printf8.o(i._printf_post_padding)
    _printf_post_padding                     0x08004dad   Thumb Code    32  printf8.o(i._printf_post_padding)
    i._printf_pre_padding                    0x08004dcc   Section        0  printf8.o(i._printf_pre_padding)
    _printf_pre_padding                      0x08004dcd   Thumb Code    44  printf8.o(i._printf_pre_padding)
    i.fputc                                  0x08004df8   Section        0  main.o(i.fputc)
    i.main                                   0x08004e14   Section        0  main.o(i.main)
    i.makeFreeRtosPriority                   0x08004ebc   Section        0  cmsis_os.o(i.makeFreeRtosPriority)
    makeFreeRtosPriority                     0x08004ebd   Thumb Code    12  cmsis_os.o(i.makeFreeRtosPriority)
    i.osDelay                                0x08004ec8   Section        0  cmsis_os.o(i.osDelay)
    i.osKernelStart                          0x08004ed8   Section        0  cmsis_os.o(i.osKernelStart)
    i.osThreadCreate                         0x08004ee2   Section        0  cmsis_os.o(i.osThreadCreate)
    i.prvAddCurrentTaskToDelayedList         0x08004f10   Section        0  tasks.o(i.prvAddCurrentTaskToDelayedList)
    prvAddCurrentTaskToDelayedList           0x08004f11   Thumb Code    78  tasks.o(i.prvAddCurrentTaskToDelayedList)
    i.prvAddNewTaskToReadyList               0x08004f68   Section        0  tasks.o(i.prvAddNewTaskToReadyList)
    prvAddNewTaskToReadyList                 0x08004f69   Thumb Code   176  tasks.o(i.prvAddNewTaskToReadyList)
    i.prvDeleteTCB                           0x08005020   Section        0  tasks.o(i.prvDeleteTCB)
    prvDeleteTCB                             0x08005021   Thumb Code    18  tasks.o(i.prvDeleteTCB)
    i.prvHeapInit                            0x08005034   Section        0  heap_4.o(i.prvHeapInit)
    prvHeapInit                              0x08005035   Thumb Code    60  heap_4.o(i.prvHeapInit)
    i.prvIdleTask                            0x08005078   Section        0  tasks.o(i.prvIdleTask)
    prvIdleTask                              0x08005079   Thumb Code    64  tasks.o(i.prvIdleTask)
    i.prvInitialiseNewTask                   0x080050c0   Section        0  tasks.o(i.prvInitialiseNewTask)
    prvInitialiseNewTask                     0x080050c1   Thumb Code   138  tasks.o(i.prvInitialiseNewTask)
    i.prvInsertBlockIntoFreeList             0x0800514c   Section        0  heap_4.o(i.prvInsertBlockIntoFreeList)
    prvInsertBlockIntoFreeList               0x0800514d   Thumb Code    72  heap_4.o(i.prvInsertBlockIntoFreeList)
    i.prvResetNextTaskUnblockTime            0x08005198   Section        0  tasks.o(i.prvResetNextTaskUnblockTime)
    prvResetNextTaskUnblockTime              0x08005199   Thumb Code    28  tasks.o(i.prvResetNextTaskUnblockTime)
    i.prvTaskExitError                       0x080051b8   Section        0  port.o(i.prvTaskExitError)
    prvTaskExitError                         0x080051b9   Thumb Code    14  port.o(i.prvTaskExitError)
    i.prvTaskIsTaskSuspended                 0x080051cc   Section        0  tasks.o(i.prvTaskIsTaskSuspended)
    prvTaskIsTaskSuspended                   0x080051cd   Thumb Code    40  tasks.o(i.prvTaskIsTaskSuspended)
    i.pvPortMalloc                           0x080051f8   Section        0  heap_4.o(i.pvPortMalloc)
    i.pxPortInitialiseStack                  0x080052b0   Section        0  port.o(i.pxPortInitialiseStack)
    i.uxListRemove                           0x080052d0   Section        0  list.o(i.uxListRemove)
    i.vListInitialise                        0x080052f6   Section        0  list.o(i.vListInitialise)
    i.vListInitialiseItem                    0x0800530c   Section        0  list.o(i.vListInitialiseItem)
    i.vListInsert                            0x08005312   Section        0  list.o(i.vListInsert)
    i.vListInsertEnd                         0x08005342   Section        0  list.o(i.vListInsertEnd)
    i.vPortEnterCritical                     0x0800535c   Section        0  port.o(i.vPortEnterCritical)
    i.vPortExitCritical                      0x08005374   Section        0  port.o(i.vPortExitCritical)
    i.vPortFree                              0x08005390   Section        0  heap_4.o(i.vPortFree)
    i.vPortSetupTimerInterrupt               0x080053d8   Section        0  port.o(i.vPortSetupTimerInterrupt)
    i.vPortYield                             0x08005400   Section        0  port.o(i.vPortYield)
    i.vTaskDelay                             0x08005418   Section        0  tasks.o(i.vTaskDelay)
    i.vTaskResume                            0x08005448   Section        0  tasks.o(i.vTaskResume)
    i.vTaskStartScheduler                    0x080054a4   Section        0  tasks.o(i.vTaskStartScheduler)
    i.vTaskSuspend                           0x080054f0   Section        0  tasks.o(i.vTaskSuspend)
    i.vTaskSuspendAll                        0x08005578   Section        0  tasks.o(i.vTaskSuspendAll)
    i.vTaskSwitchContext                     0x08005588   Section        0  tasks.o(i.vTaskSwitchContext)
    i.xPortStartScheduler                    0x080055e0   Section        0  port.o(i.xPortStartScheduler)
    i.xTaskCreate                            0x08005610   Section        0  tasks.o(i.xTaskCreate)
    i.xTaskIncrementTick                     0x08005660   Section        0  tasks.o(i.xTaskIncrementTick)
    i.xTaskResumeAll                         0x0800571c   Section        0  tasks.o(i.xTaskResumeAll)
    .constdata                               0x080057c8   Section      100  app_freertos.o(.constdata)
    .constdata                               0x0800582c   Section       24  stm32g0xx_hal_uart.o(.constdata)
    .constdata                               0x08005844   Section       16  stm32g0xx_hal_uart_ex.o(.constdata)
    numerator                                0x08005844   Data           8  stm32g0xx_hal_uart_ex.o(.constdata)
    denominator                              0x0800584c   Data           8  stm32g0xx_hal_uart_ex.o(.constdata)
    .constdata                               0x08005854   Section       64  system_stm32g0xx.o(.constdata)
    .constdata                               0x08005894   Section       32  system_stm32g0xx.o(.constdata)
    .conststring                             0x080058b4   Section       60  app_freertos.o(.conststring)
    .data                                    0x20000000   Section      260  peripheral.o(.data)
    .data                                    0x20000104   Section        4  peripheral.o(.data)
    .data                                    0x20000108   Section        8  main.o(.data)
    count0                                   0x2000010e   Data           2  main.o(.data)
    .data                                    0x20000110   Section       48  app_freertos.o(.data)
    .data                                    0x20000140   Section       12  usart.o(.data)
    .data                                    0x2000014c   Section        1  usart.o(.data)
    .data                                    0x2000014d   Section        1  usart.o(.data)
    .data                                    0x20000150   Section       12  stm32g0xx_hal.o(.data)
    .data                                    0x2000015c   Section        4  system_stm32g0xx.o(.data)
    .data                                    0x20000160   Section       60  tasks.o(.data)
    uxDeletedTasksWaitingCleanUp             0x20000164   Data           4  tasks.o(.data)
    uxCurrentNumberOfTasks                   0x20000168   Data           4  tasks.o(.data)
    xTickCount                               0x2000016c   Data           4  tasks.o(.data)
    uxTopReadyPriority                       0x20000170   Data           4  tasks.o(.data)
    xSchedulerRunning                        0x20000174   Data           4  tasks.o(.data)
    xPendedTicks                             0x20000178   Data           4  tasks.o(.data)
    xYieldPending                            0x2000017c   Data           4  tasks.o(.data)
    xNumOfOverflows                          0x20000180   Data           4  tasks.o(.data)
    uxTaskNumber                             0x20000184   Data           4  tasks.o(.data)
    xNextTaskUnblockTime                     0x20000188   Data           4  tasks.o(.data)
    xIdleTaskHandle                          0x2000018c   Data           4  tasks.o(.data)
    uxSchedulerSuspended                     0x20000190   Data           4  tasks.o(.data)
    pxDelayedTaskList                        0x20000194   Data           4  tasks.o(.data)
    pxOverflowDelayedTaskList                0x20000198   Data           4  tasks.o(.data)
    .data                                    0x2000019c   Section       32  heap_4.o(.data)
    pxEnd                                    0x2000019c   Data           4  heap_4.o(.data)
    xFreeBytesRemaining                      0x200001a0   Data           4  heap_4.o(.data)
    xMinimumEverFreeBytesRemaining           0x200001a4   Data           4  heap_4.o(.data)
    xNumberOfSuccessfulAllocations           0x200001a8   Data           4  heap_4.o(.data)
    xNumberOfSuccessfulFrees                 0x200001ac   Data           4  heap_4.o(.data)
    xBlockAllocatedBit                       0x200001b0   Data           4  heap_4.o(.data)
    xStart                                   0x200001b4   Data           8  heap_4.o(.data)
    .data                                    0x200001bc   Section        4  port.o(.data)
    uxCriticalNesting                        0x200001bc   Data           4  port.o(.data)
    .data                                    0x200001c0   Section        4  stdout.o(.data)
    .bss                                     0x200001c8   Section     2064  stmflash.o(.bss)
    EraseInitStruct                          0x200001c8   Data          16  stmflash.o(.bss)
    .bss                                     0x200009d8   Section       30  main.o(.bss)
    .bss                                     0x200009f8   Section      100  adc.o(.bss)
    .bss                                     0x20000a5c   Section       16  iwdg.o(.bss)
    .bss                                     0x20000a6c   Section      228  tim.o(.bss)
    .bss                                     0x20000b50   Section      452  usart.o(.bss)
    .bss                                     0x20000d14   Section       76  stm32g0xx_hal_timebase_tim.o(.bss)
    .bss                                     0x20000d60   Section       28  stm32g0xx_hal_flash.o(.bss)
    .bss                                     0x20000d7c   Section      240  tasks.o(.bss)
    pxReadyTasksLists                        0x20000d7c   Data         140  tasks.o(.bss)
    xDelayedTaskList1                        0x20000e08   Data          20  tasks.o(.bss)
    xDelayedTaskList2                        0x20000e1c   Data          20  tasks.o(.bss)
    xPendingReadyList                        0x20000e30   Data          20  tasks.o(.bss)
    xTasksWaitingTermination                 0x20000e44   Data          20  tasks.o(.bss)
    xSuspendedTaskList                       0x20000e58   Data          20  tasks.o(.bss)
    .bss                                     0x20000e6c   Section     6144  heap_4.o(.bss)
    ucHeap                                   0x20000e6c   Data        6144  heap_4.o(.bss)
    STACK                                    0x20002670   Section     1024  startup_stm32g070xx.o(STACK)

    Global Symbols

    Symbol Name                              Value     Ov Type        Size  Object(Section)

    BuildAttributes$$THM_ISAv3M$S$PE$A:L22$X:L11$S22$IEEE1$IW$USESV6$~STKCKD$USESV7$~SHL$OSPACE$ROPI$EBA8$MICROLIB$REQ8$PRES8$EABIv2 0x00000000   Number         0  anon$$obj.o ABSOLUTE
    __ARM_use_no_argv                        0x00000000   Number         0  main.o ABSOLUTE
    _printf_a                                0x00000000   Number         0  stubs.o ABSOLUTE
    _printf_c                                0x00000000   Number         0  stubs.o ABSOLUTE
    _printf_charcount                        0x00000000   Number         0  stubs.o ABSOLUTE
    _printf_d                                0x00000000   Number         0  stubs.o ABSOLUTE
    _printf_e                                0x00000000   Number         0  stubs.o ABSOLUTE
    _printf_f                                0x00000000   Number         0  stubs.o ABSOLUTE
    _printf_flags                            0x00000000   Number         0  stubs.o ABSOLUTE
    _printf_fp_dec                           0x00000000   Number         0  stubs.o ABSOLUTE
    _printf_fp_hex                           0x00000000   Number         0  stubs.o ABSOLUTE
    _printf_g                                0x00000000   Number         0  stubs.o ABSOLUTE
    _printf_i                                0x00000000   Number         0  stubs.o ABSOLUTE
    _printf_int_dec                          0x00000000   Number         0  stubs.o ABSOLUTE
    _printf_l                                0x00000000   Number         0  stubs.o ABSOLUTE
    _printf_lc                               0x00000000   Number         0  stubs.o ABSOLUTE
    _printf_ll                               0x00000000   Number         0  stubs.o ABSOLUTE
    _printf_lld                              0x00000000   Number         0  stubs.o ABSOLUTE
    _printf_lli                              0x00000000   Number         0  stubs.o ABSOLUTE
    _printf_llo                              0x00000000   Number         0  stubs.o ABSOLUTE
    _printf_llu                              0x00000000   Number         0  stubs.o ABSOLUTE
    _printf_llx                              0x00000000   Number         0  stubs.o ABSOLUTE
    _printf_longlong_dec                     0x00000000   Number         0  stubs.o ABSOLUTE
    _printf_longlong_hex                     0x00000000   Number         0  stubs.o ABSOLUTE
    _printf_longlong_oct                     0x00000000   Number         0  stubs.o ABSOLUTE
    _printf_ls                               0x00000000   Number         0  stubs.o ABSOLUTE
    _printf_mbtowc                           0x00000000   Number         0  stubs.o ABSOLUTE
    _printf_n                                0x00000000   Number         0  stubs.o ABSOLUTE
    _printf_o                                0x00000000   Number         0  stubs.o ABSOLUTE
    _printf_p                                0x00000000   Number         0  stubs.o ABSOLUTE
    _printf_percent                          0x00000000   Number         0  stubs.o ABSOLUTE
    _printf_pre_padding                      0x00000000   Number         0  stubs.o ABSOLUTE
    _printf_return_value                     0x00000000   Number         0  stubs.o ABSOLUTE
    _printf_s                                0x00000000   Number         0  stubs.o ABSOLUTE
    _printf_sizespec                         0x00000000   Number         0  stubs.o ABSOLUTE
    _printf_str                              0x00000000   Number         0  stubs.o ABSOLUTE
    _printf_truncate_signed                  0x00000000   Number         0  stubs.o ABSOLUTE
    _printf_truncate_unsigned                0x00000000   Number         0  stubs.o ABSOLUTE
    _printf_u                                0x00000000   Number         0  stubs.o ABSOLUTE
    _printf_wc                               0x00000000   Number         0  stubs.o ABSOLUTE
    _printf_wctomb                           0x00000000   Number         0  stubs.o ABSOLUTE
    _printf_widthprec                        0x00000000   Number         0  stubs.o ABSOLUTE
    _printf_x                                0x00000000   Number         0  stubs.o ABSOLUTE
    __cpp_initialize__aeabi_                  - Undefined Weak Reference
    __cxa_finalize                            - Undefined Weak Reference
    _clock_init                               - Undefined Weak Reference
    _microlib_exit                            - Undefined Weak Reference
    __Vectors_Size                           0x000000b8   Number         0  startup_stm32g070xx.o ABSOLUTE
    __Vectors                                0x08000000   Data           4  startup_stm32g070xx.o(RESET)
    __Vectors_End                            0x080000b8   Data           0  startup_stm32g070xx.o(RESET)
    __main                                   0x080000b9   Thumb Code     0  entry.o(.ARM.Collect$$$$00000000)
    _main_stk                                0x080000b9   Thumb Code     0  entry2.o(.ARM.Collect$$$$00000001)
    _main_scatterload                        0x080000bd   Thumb Code     0  entry5.o(.ARM.Collect$$$$00000004)
    __main_after_scatterload                 0x080000c1   Thumb Code     0  entry5.o(.ARM.Collect$$$$00000004)
    _main_clock                              0x080000c1   Thumb Code     0  entry7b.o(.ARM.Collect$$$$00000008)
    _main_cpp_init                           0x080000c1   Thumb Code     0  entry8b.o(.ARM.Collect$$$$0000000A)
    _main_init                               0x080000c1   Thumb Code     0  entry9a.o(.ARM.Collect$$$$0000000B)
    __rt_final_cpp                           0x080000c9   Thumb Code     0  entry10a.o(.ARM.Collect$$$$0000000D)
    __rt_final_exit                          0x080000c9   Thumb Code     0  entry11a.o(.ARM.Collect$$$$0000000F)
    __asm___6_port_c_39a90d8d__prvPortStartFirstTask 0x080000cd   Thumb Code    36  port.o(.emb_text)
    ulSetInterruptMaskFromISR                0x080000f5   Thumb Code     8  port.o(.emb_text)
    vClearInterruptMaskFromISR               0x080000fd   Thumb Code     6  port.o(.emb_text)
    PendSV_Handler                           0x08000103   Thumb Code    62  port.o(.emb_text)
    Reset_Handler                            0x08000145   Thumb Code     8  startup_stm32g070xx.o(.text)
    DMA1_Ch4_7_DMAMUX1_OVR_IRQHandler        0x08000157   Thumb Code     0  startup_stm32g070xx.o(.text)
    DMA1_Channel1_IRQHandler                 0x08000157   Thumb Code     0  startup_stm32g070xx.o(.text)
    DMA1_Channel2_3_IRQHandler               0x08000157   Thumb Code     0  startup_stm32g070xx.o(.text)
    EXTI0_1_IRQHandler                       0x08000157   Thumb Code     0  startup_stm32g070xx.o(.text)
    EXTI2_3_IRQHandler                       0x08000157   Thumb Code     0  startup_stm32g070xx.o(.text)
    EXTI4_15_IRQHandler                      0x08000157   Thumb Code     0  startup_stm32g070xx.o(.text)
    FLASH_IRQHandler                         0x08000157   Thumb Code     0  startup_stm32g070xx.o(.text)
    I2C1_IRQHandler                          0x08000157   Thumb Code     0  startup_stm32g070xx.o(.text)
    I2C2_IRQHandler                          0x08000157   Thumb Code     0  startup_stm32g070xx.o(.text)
    RCC_IRQHandler                           0x08000157   Thumb Code     0  startup_stm32g070xx.o(.text)
    RTC_TAMP_IRQHandler                      0x08000157   Thumb Code     0  startup_stm32g070xx.o(.text)
    SPI1_IRQHandler                          0x08000157   Thumb Code     0  startup_stm32g070xx.o(.text)
    SPI2_IRQHandler                          0x08000157   Thumb Code     0  startup_stm32g070xx.o(.text)
    TIM14_IRQHandler                         0x08000157   Thumb Code     0  startup_stm32g070xx.o(.text)
    TIM15_IRQHandler                         0x08000157   Thumb Code     0  startup_stm32g070xx.o(.text)
    TIM16_IRQHandler                         0x08000157   Thumb Code     0  startup_stm32g070xx.o(.text)
    TIM17_IRQHandler                         0x08000157   Thumb Code     0  startup_stm32g070xx.o(.text)
    TIM1_BRK_UP_TRG_COM_IRQHandler           0x08000157   Thumb Code     0  startup_stm32g070xx.o(.text)
    TIM1_CC_IRQHandler                       0x08000157   Thumb Code     0  startup_stm32g070xx.o(.text)
    TIM7_IRQHandler                          0x08000157   Thumb Code     0  startup_stm32g070xx.o(.text)
    USART1_IRQHandler                        0x08000157   Thumb Code     0  startup_stm32g070xx.o(.text)
    WWDG_IRQHandler                          0x08000157   Thumb Code     0  startup_stm32g070xx.o(.text)
    __aeabi_uidiv                            0x08000161   Thumb Code     0  uidiv.o(.text)
    __aeabi_uidivmod                         0x08000161   Thumb Code    44  uidiv.o(.text)
    __aeabi_memcpy                           0x0800018d   Thumb Code    36  memcpya.o(.text)
    __aeabi_memcpy4                          0x0800018d   Thumb Code     0  memcpya.o(.text)
    __aeabi_memcpy8                          0x0800018d   Thumb Code     0  memcpya.o(.text)
    __aeabi_memset                           0x080001b1   Thumb Code    14  memseta.o(.text)
    __aeabi_memset4                          0x080001b1   Thumb Code     0  memseta.o(.text)
    __aeabi_memset8                          0x080001b1   Thumb Code     0  memseta.o(.text)
    __aeabi_memclr                           0x080001bf   Thumb Code     4  memseta.o(.text)
    __aeabi_memclr4                          0x080001bf   Thumb Code     0  memseta.o(.text)
    __aeabi_memclr8                          0x080001bf   Thumb Code     0  memseta.o(.text)
    memset                                   0x080001c3   Thumb Code    18  memseta.o(.text)
    __aeabi_uldivmod                         0x080001d5   Thumb Code    96  uldiv.o(.text)
    __scatterload                            0x08000235   Thumb Code    28  init.o(.text)
    __scatterload_rt2                        0x08000235   Thumb Code     0  init.o(.text)
    __aeabi_llsl                             0x08000259   Thumb Code    32  llshl.o(.text)
    _ll_shift_l                              0x08000259   Thumb Code     0  llshl.o(.text)
    __aeabi_llsr                             0x08000279   Thumb Code    34  llushr.o(.text)
    _ll_ushift_r                             0x08000279   Thumb Code     0  llushr.o(.text)
    __decompress                             0x0800029b   Thumb Code     0  __dczerorl.o(.text)
    __decompress0                            0x0800029b   Thumb Code    58  __dczerorl.o(.text)
    ADC1_GetVaule                            0x080002d5   Thumb Code    40  adc.o(i.ADC1_GetVaule)
    ADC1_IRQHandler                          0x08000301   Thumb Code    10  stm32g0xx_it.o(i.ADC1_IRQHandler)
    ADC_Enable                               0x08000311   Thumb Code   162  stm32g0xx_hal_adc.o(i.ADC_Enable)
    Abnormal_Handle_Task                     0x080003c5   Thumb Code    54  app_freertos.o(i.Abnormal_Handle_Task)
    Address_Send                             0x08000415   Thumb Code    68  peripheral.o(i.Address_Send)
    BEEP_Abnormal                            0x08000465   Thumb Code    70  peripheral.o(i.BEEP_Abnormal)
    BEEP_Init                                0x080004b1   Thumb Code    26  peripheral.o(i.BEEP_Init)
    BEEP_Task                                0x080004d1   Thumb Code    58  app_freertos.o(i.BEEP_Task)
    CRC8_Tab                                 0x08000511   Thumb Code    30  peripheral.o(i.CRC8_Tab)
    Error_Handler                            0x08000535   Thumb Code     4  main.o(i.Error_Handler)
    FLASH_PageErase                          0x0800054d   Thumb Code    20  stm32g0xx_hal_flash_ex.o(i.FLASH_PageErase)
    FLASH_WaitForLastOperation               0x080005bd   Thumb Code    82  stm32g0xx_hal_flash.o(i.FLASH_WaitForLastOperation)
    Fina                                     0x08000621   Thumb Code    64  peripheral.o(i.Fina)
    HAL_ADCEx_ChannelConfigReadyCallback     0x08000679   Thumb Code     2  stm32g0xx_hal_adc_ex.o(i.HAL_ADCEx_ChannelConfigReadyCallback)
    HAL_ADCEx_EndOfSamplingCallback          0x0800067b   Thumb Code     2  stm32g0xx_hal_adc_ex.o(i.HAL_ADCEx_EndOfSamplingCallback)
    HAL_ADCEx_LevelOutOfWindow2Callback      0x0800067d   Thumb Code     2  stm32g0xx_hal_adc_ex.o(i.HAL_ADCEx_LevelOutOfWindow2Callback)
    HAL_ADCEx_LevelOutOfWindow3Callback      0x0800067f   Thumb Code     2  stm32g0xx_hal_adc_ex.o(i.HAL_ADCEx_LevelOutOfWindow3Callback)
    HAL_ADC_ConfigChannel                    0x08000681   Thumb Code   522  stm32g0xx_hal_adc.o(i.HAL_ADC_ConfigChannel)
    HAL_ADC_ConvCpltCallback                 0x080008a5   Thumb Code     2  stm32g0xx_hal_adc.o(i.HAL_ADC_ConvCpltCallback)
    HAL_ADC_ErrorCallback                    0x080008a7   Thumb Code     2  stm32g0xx_hal_adc.o(i.HAL_ADC_ErrorCallback)
    HAL_ADC_GetValue                         0x080008a9   Thumb Code     6  stm32g0xx_hal_adc.o(i.HAL_ADC_GetValue)
    HAL_ADC_IRQHandler                       0x080008b1   Thumb Code   330  stm32g0xx_hal_adc.o(i.HAL_ADC_IRQHandler)
    HAL_ADC_Init                             0x08000a01   Thumb Code   514  stm32g0xx_hal_adc.o(i.HAL_ADC_Init)
    HAL_ADC_LevelOutOfWindowCallback         0x08000c21   Thumb Code     2  stm32g0xx_hal_adc.o(i.HAL_ADC_LevelOutOfWindowCallback)
    HAL_ADC_MspInit                          0x08000c25   Thumb Code   130  adc.o(i.HAL_ADC_MspInit)
    HAL_ADC_Start                            0x08000cb1   Thumb Code    94  stm32g0xx_hal_adc.o(i.HAL_ADC_Start)
    HAL_DMA_Abort                            0x08000d19   Thumb Code   112  stm32g0xx_hal_dma.o(i.HAL_DMA_Abort)
    HAL_DMA_Abort_IT                         0x08000d8d   Thumb Code   118  stm32g0xx_hal_dma.o(i.HAL_DMA_Abort_IT)
    HAL_Delay                                0x08000e09   Thumb Code    32  stm32g0xx_hal.o(i.HAL_Delay)
    HAL_FLASHEx_Erase                        0x08000e2d   Thumb Code   126  stm32g0xx_hal_flash_ex.o(i.HAL_FLASHEx_Erase)
    HAL_FLASH_Lock                           0x08000eb5   Thumb Code    22  stm32g0xx_hal_flash.o(i.HAL_FLASH_Lock)
    HAL_FLASH_Program                        0x08000ed1   Thumb Code    88  stm32g0xx_hal_flash.o(i.HAL_FLASH_Program)
    HAL_FLASH_Unlock                         0x08000f31   Thumb Code    28  stm32g0xx_hal_flash.o(i.HAL_FLASH_Unlock)
    HAL_GPIO_Init                            0x08000f59   Thumb Code   330  stm32g0xx_hal_gpio.o(i.HAL_GPIO_Init)
    HAL_GPIO_ReadPin                         0x080010b5   Thumb Code    10  stm32g0xx_hal_gpio.o(i.HAL_GPIO_ReadPin)
    HAL_GPIO_TogglePin                       0x080010bf   Thumb Code    16  stm32g0xx_hal_gpio.o(i.HAL_GPIO_TogglePin)
    HAL_GPIO_WritePin                        0x080010cf   Thumb Code    12  stm32g0xx_hal_gpio.o(i.HAL_GPIO_WritePin)
    HAL_GetTick                              0x080010dd   Thumb Code     6  stm32g0xx_hal.o(i.HAL_GetTick)
    HAL_IWDG_Init                            0x080010e9   Thumb Code    94  stm32g0xx_hal_iwdg.o(i.HAL_IWDG_Init)
    HAL_IncTick                              0x08001155   Thumb Code    12  stm32g0xx_hal.o(i.HAL_IncTick)
    HAL_Init                                 0x08001165   Thumb Code    36  stm32g0xx_hal.o(i.HAL_Init)
    HAL_InitTick                             0x0800118d   Thumb Code   100  stm32g0xx_hal_timebase_tim.o(i.HAL_InitTick)
    HAL_MspInit                              0x08001205   Thumb Code    56  stm32g0xx_hal_msp.o(i.HAL_MspInit)
    HAL_NVIC_EnableIRQ                       0x08001241   Thumb Code    18  stm32g0xx_hal_cortex.o(i.HAL_NVIC_EnableIRQ)
    HAL_NVIC_SetPriority                     0x08001259   Thumb Code     8  stm32g0xx_hal_cortex.o(i.HAL_NVIC_SetPriority)
    HAL_PWREx_ControlVoltageScaling          0x08001261   Thumb Code    62  stm32g0xx_hal_pwr_ex.o(i.HAL_PWREx_ControlVoltageScaling)
    HAL_RCCEx_PeriphCLKConfig                0x080012ad   Thumb Code   338  stm32g0xx_hal_rcc_ex.o(i.HAL_RCCEx_PeriphCLKConfig)
    HAL_RCC_ClockConfig                      0x0800140d   Thumb Code   318  stm32g0xx_hal_rcc.o(i.HAL_RCC_ClockConfig)
    HAL_RCC_GetClockConfig                   0x08001565   Thumb Code    48  stm32g0xx_hal_rcc.o(i.HAL_RCC_GetClockConfig)
    HAL_RCC_GetPCLK1Freq                     0x0800159d   Thumb Code    26  stm32g0xx_hal_rcc.o(i.HAL_RCC_GetPCLK1Freq)
    HAL_RCC_GetSysClockFreq                  0x080015c5   Thumb Code   130  stm32g0xx_hal_rcc.o(i.HAL_RCC_GetSysClockFreq)
    HAL_RCC_OscConfig                        0x08001651   Thumb Code   946  stm32g0xx_hal_rcc.o(i.HAL_RCC_OscConfig)
    HAL_SYSCFG_StrobeDBattpinsConfig         0x08001a29   Thumb Code    16  stm32g0xx_hal.o(i.HAL_SYSCFG_StrobeDBattpinsConfig)
    HAL_TIMEx_Break2Callback                 0x08001a3d   Thumb Code     2  stm32g0xx_hal_tim_ex.o(i.HAL_TIMEx_Break2Callback)
    HAL_TIMEx_BreakCallback                  0x08001a3f   Thumb Code     2  stm32g0xx_hal_tim_ex.o(i.HAL_TIMEx_BreakCallback)
    HAL_TIMEx_CommutCallback                 0x08001a41   Thumb Code     2  stm32g0xx_hal_tim_ex.o(i.HAL_TIMEx_CommutCallback)
    HAL_TIMEx_ConfigBreakDeadTime            0x08001a45   Thumb Code   168  stm32g0xx_hal_tim_ex.o(i.HAL_TIMEx_ConfigBreakDeadTime)
    HAL_TIMEx_MasterConfigSynchronization    0x08001af1   Thumb Code    96  stm32g0xx_hal_tim_ex.o(i.HAL_TIMEx_MasterConfigSynchronization)
    HAL_TIMEx_PWMN_Start                     0x08001b5d   Thumb Code   132  stm32g0xx_hal_tim_ex.o(i.HAL_TIMEx_PWMN_Start)
    HAL_TIM_Base_Init                        0x08001bf1   Thumb Code    76  stm32g0xx_hal_tim.o(i.HAL_TIM_Base_Init)
    HAL_TIM_Base_MspInit                     0x08001c3d   Thumb Code    84  tim.o(i.HAL_TIM_Base_MspInit)
    HAL_TIM_Base_Start_IT                    0x08001ca1   Thumb Code    74  stm32g0xx_hal_tim.o(i.HAL_TIM_Base_Start_IT)
    HAL_TIM_ConfigClockSource                0x08001cfd   Thumb Code   220  stm32g0xx_hal_tim.o(i.HAL_TIM_ConfigClockSource)
    HAL_TIM_IC_CaptureCallback               0x08001ddd   Thumb Code     2  stm32g0xx_hal_tim.o(i.HAL_TIM_IC_CaptureCallback)
    HAL_TIM_IRQHandler                       0x08001de1   Thumb Code   382  stm32g0xx_hal_tim.o(i.HAL_TIM_IRQHandler)
    HAL_TIM_MspPostInit                      0x08001f65   Thumb Code   100  tim.o(i.HAL_TIM_MspPostInit)
    HAL_TIM_OC_DelayElapsedCallback          0x08001fd9   Thumb Code     2  stm32g0xx_hal_tim.o(i.HAL_TIM_OC_DelayElapsedCallback)
    HAL_TIM_PWM_ConfigChannel                0x08001fdb   Thumb Code   296  stm32g0xx_hal_tim.o(i.HAL_TIM_PWM_ConfigChannel)
    HAL_TIM_PWM_Init                         0x08002103   Thumb Code    76  stm32g0xx_hal_tim.o(i.HAL_TIM_PWM_Init)
    HAL_TIM_PWM_MspInit                      0x0800214f   Thumb Code     2  stm32g0xx_hal_tim.o(i.HAL_TIM_PWM_MspInit)
    HAL_TIM_PWM_PulseFinishedCallback        0x08002151   Thumb Code     2  stm32g0xx_hal_tim.o(i.HAL_TIM_PWM_PulseFinishedCallback)
    HAL_TIM_PeriodElapsedCallback            0x08002155   Thumb Code    84  main.o(i.HAL_TIM_PeriodElapsedCallback)
    HAL_TIM_TriggerCallback                  0x080021c1   Thumb Code     2  stm32g0xx_hal_tim.o(i.HAL_TIM_TriggerCallback)
    HAL_UARTEx_DisableFifoMode               0x080021c3   Thumb Code    60  stm32g0xx_hal_uart_ex.o(i.HAL_UARTEx_DisableFifoMode)
    HAL_UARTEx_ReceiveToIdle_IT              0x080021ff   Thumb Code   112  stm32g0xx_hal_uart_ex.o(i.HAL_UARTEx_ReceiveToIdle_IT)
    HAL_UARTEx_RxEventCallback               0x08002271   Thumb Code    26  usart.o(i.HAL_UARTEx_RxEventCallback)
    HAL_UARTEx_RxFifoFullCallback            0x08002299   Thumb Code     2  stm32g0xx_hal_uart_ex.o(i.HAL_UARTEx_RxFifoFullCallback)
    HAL_UARTEx_SetRxFifoThreshold            0x0800229b   Thumb Code    72  stm32g0xx_hal_uart_ex.o(i.HAL_UARTEx_SetRxFifoThreshold)
    HAL_UARTEx_SetTxFifoThreshold            0x080022e3   Thumb Code    70  stm32g0xx_hal_uart_ex.o(i.HAL_UARTEx_SetTxFifoThreshold)
    HAL_UARTEx_TxFifoEmptyCallback           0x08002329   Thumb Code     2  stm32g0xx_hal_uart_ex.o(i.HAL_UARTEx_TxFifoEmptyCallback)
    HAL_UARTEx_WakeupCallback                0x0800232b   Thumb Code     2  stm32g0xx_hal_uart_ex.o(i.HAL_UARTEx_WakeupCallback)
    HAL_UART_ErrorCallback                   0x0800232d   Thumb Code    16  main.o(i.HAL_UART_ErrorCallback)
    HAL_UART_IRQHandler                      0x0800233d   Thumb Code   726  stm32g0xx_hal_uart.o(i.HAL_UART_IRQHandler)
    HAL_UART_Init                            0x08002625   Thumb Code   108  stm32g0xx_hal_uart.o(i.HAL_UART_Init)
    HAL_UART_MspInit                         0x08002691   Thumb Code   316  usart.o(i.HAL_UART_MspInit)
    HAL_UART_Receive_IT                      0x080027e1   Thumb Code    88  stm32g0xx_hal_uart.o(i.HAL_UART_Receive_IT)
    HAL_UART_RxCpltCallback                  0x08002839   Thumb Code    16  main.o(i.HAL_UART_RxCpltCallback)
    HAL_UART_Transmit                        0x0800284d   Thumb Code   216  stm32g0xx_hal_uart.o(i.HAL_UART_Transmit)
    HAL_UART_TxCpltCallback                  0x08002925   Thumb Code     2  stm32g0xx_hal_uart.o(i.HAL_UART_TxCpltCallback)
    HardFault_Handler                        0x08002927   Thumb Code     2  stm32g0xx_it.o(i.HardFault_Handler)
    IWDG_Task                                0x08002929   Thumb Code    32  app_freertos.o(i.IWDG_Task)
    Infrared_Detection                       0x08002951   Thumb Code    40  peripheral.o(i.Infrared_Detection)
    LED_Init                                 0x0800297d   Thumb Code    16  peripheral.o(i.LED_Init)
    Lock_Com_feedback                        0x080029d1   Thumb Code   142  peripheral.o(i.Lock_Com_feedback)
    Lock_Statu_Send                          0x08002a69   Thumb Code    96  peripheral.o(i.Lock_Statu_Send)
    MOTOR_SA8321_Control                     0x08002ad5   Thumb Code   100  peripheral.o(i.MOTOR_SA8321_Control)
    MX_ADC1_Init                             0x08002b41   Thumb Code    98  adc.o(i.MX_ADC1_Init)
    MX_FREERTOS_Init                         0x08002bb1   Thumb Code   122  app_freertos.o(i.MX_FREERTOS_Init)
    MX_GPIO_Init                             0x08002c35   Thumb Code   162  gpio.o(i.MX_GPIO_Init)
    MX_IWDG_Init                             0x08002ce1   Thumb Code    36  iwdg.o(i.MX_IWDG_Init)
    MX_TIM15_Init                            0x08002d11   Thumb Code   206  tim.o(i.MX_TIM15_Init)
    MX_TIM15_Init_1                          0x08002ded   Thumb Code   208  tim.o(i.MX_TIM15_Init_1)
    MX_TIM1_Init                             0x08002ec5   Thumb Code   240  tim.o(i.MX_TIM1_Init)
    MX_TIM6_Init                             0x08002fc1   Thumb Code    62  tim.o(i.MX_TIM6_Init)
    MX_USART1_UART_Init                      0x0800300d   Thumb Code    96  usart.o(i.MX_USART1_UART_Init)
    MX_USART2_UART_Init                      0x08003075   Thumb Code    96  usart.o(i.MX_USART2_UART_Init)
    MX_USART3_UART_Init                      0x080030dd   Thumb Code    50  usart.o(i.MX_USART3_UART_Init)
    Main_Task                                0x08003119   Thumb Code   610  app_freertos.o(i.Main_Task)
    NMI_Handler                              0x08003531   Thumb Code     2  stm32g0xx_it.o(i.NMI_Handler)
    Peripheral_Init                          0x08003533   Thumb Code    12  peripheral.o(i.Peripheral_Init)
    RCWL_1655_or_9631_UART_Ranging           0x08003541   Thumb Code    28  peripheral.o(i.RCWL_1655_or_9631_UART_Ranging)
    Re485_Scan                               0x08003569   Thumb Code   106  main.o(i.Re485_Scan)
    Read_Add                                 0x080035e1   Thumb Code    62  peripheral.o(i.Read_Add)
    Read_Version                             0x08003629   Thumb Code    62  peripheral.o(i.Read_Version)
    RxScan                                   0x08003671   Thumb Code    44  main.o(i.RxScan)
    STMFLASH_Read                            0x080036a9   Thumb Code    28  stmflash.o(i.STMFLASH_Read)
    STMFLASH_Write                           0x080036c5   Thumb Code   226  stmflash.o(i.STMFLASH_Write)
    STMFLASH_Write_NoCheck                   0x080037ad   Thumb Code    38  stmflash.o(i.STMFLASH_Write_NoCheck)
    SVC_Handler                              0x080037d3   Thumb Code     2  port.o(i.SVC_Handler)
    SysTick_Handler                          0x080037d5   Thumb Code    32  port.o(i.SysTick_Handler)
    SystemClock_Config                       0x080037f9   Thumb Code   114  main.o(i.SystemClock_Config)
    SystemInit                               0x0800386b   Thumb Code     2  system_stm32g0xx.o(i.SystemInit)
    TIM3_IRQHandler                          0x0800386d   Thumb Code    10  stm32g0xx_it.o(i.TIM3_IRQHandler)
    TIM6_IRQHandler                          0x0800387d   Thumb Code    10  stm32g0xx_it.o(i.TIM6_IRQHandler)
    TIM_Base_SetConfig                       0x0800388d   Thumb Code   112  stm32g0xx_hal_tim.o(i.TIM_Base_SetConfig)
    TIM_ETR_SetConfig                        0x0800392f   Thumb Code    22  stm32g0xx_hal_tim.o(i.TIM_ETR_SetConfig)
    TIM_OC2_SetConfig                        0x080039e5   Thumb Code   112  stm32g0xx_hal_tim.o(i.TIM_OC2_SetConfig)
    TransceiverControl_DJSF1778_S            0x08003c7d   Thumb Code    16  peripheral.o(i.TransceiverControl_DJSF1778_S)
    UART_AdvFeatureConfig                    0x08003cd5   Thumb Code   202  stm32g0xx_hal_uart.o(i.UART_AdvFeatureConfig)
    UART_CheckIdleState                      0x08003da1   Thumb Code    94  stm32g0xx_hal_uart.o(i.UART_CheckIdleState)
    UART_SetConfig                           0x080042ed   Thumb Code   360  stm32g0xx_hal_uart.o(i.UART_SetConfig)
    UART_Start_Receive_IT                    0x0800447d   Thumb Code   288  stm32g0xx_hal_uart.o(i.UART_Start_Receive_IT)
    UART_WaitOnFlagUntilTimeout              0x080045b1   Thumb Code   210  stm32g0xx_hal_uart.o(i.UART_WaitOnFlagUntilTimeout)
    USART2_IRQHandler                        0x08004685   Thumb Code    10  stm32g0xx_it.o(i.USART2_IRQHandler)
    USART3_4_IRQHandler                      0x08004695   Thumb Code    10  stm32g0xx_it.o(i.USART3_4_IRQHandler)
    USRT2_receive_handle                     0x080046a5   Thumb Code    70  usart.o(i.USRT2_receive_handle)
    WuXian_Task                              0x080046f9   Thumb Code   284  app_freertos.o(i.WuXian_Task)
    __0printf$8                              0x080048c9   Thumb Code    24  printf8.o(i.__0printf$8)
    __1printf$8                              0x080048c9   Thumb Code     0  printf8.o(i.__0printf$8)
    __2printf                                0x080048c9   Thumb Code     0  printf8.o(i.__0printf$8)
    __ARM_common_switch8                     0x080048e9   Thumb Code    26  app_freertos.o(i.__ARM_common_switch8)
    __scatterload_copy                       0x08004965   Thumb Code    14  handlers.o(i.__scatterload_copy)
    __scatterload_null                       0x08004973   Thumb Code     2  handlers.o(i.__scatterload_null)
    __scatterload_zeroinit                   0x08004975   Thumb Code    14  handlers.o(i.__scatterload_zeroinit)
    fputc                                    0x08004df9   Thumb Code    18  main.o(i.fputc)
    main                                     0x08004e15   Thumb Code   132  main.o(i.main)
    osDelay                                  0x08004ec9   Thumb Code    16  cmsis_os.o(i.osDelay)
    osKernelStart                            0x08004ed9   Thumb Code    10  cmsis_os.o(i.osKernelStart)
    osThreadCreate                           0x08004ee3   Thumb Code    46  cmsis_os.o(i.osThreadCreate)
    pvPortMalloc                             0x080051f9   Thumb Code   178  heap_4.o(i.pvPortMalloc)
    pxPortInitialiseStack                    0x080052b1   Thumb Code    28  port.o(i.pxPortInitialiseStack)
    uxListRemove                             0x080052d1   Thumb Code    38  list.o(i.uxListRemove)
    vListInitialise                          0x080052f7   Thumb Code    22  list.o(i.vListInitialise)
    vListInitialiseItem                      0x0800530d   Thumb Code     6  list.o(i.vListInitialiseItem)
    vListInsert                              0x08005313   Thumb Code    48  list.o(i.vListInsert)
    vListInsertEnd                           0x08005343   Thumb Code    24  list.o(i.vListInsertEnd)
    vPortEnterCritical                       0x0800535d   Thumb Code    20  port.o(i.vPortEnterCritical)
    vPortExitCritical                        0x08005375   Thumb Code    22  port.o(i.vPortExitCritical)
    vPortFree                                0x08005391   Thumb Code    68  heap_4.o(i.vPortFree)
    vPortSetupTimerInterrupt                 0x080053d9   Thumb Code    32  port.o(i.vPortSetupTimerInterrupt)
    vPortYield                               0x08005401   Thumb Code    18  port.o(i.vPortYield)
    vTaskDelay                               0x08005419   Thumb Code    44  tasks.o(i.vTaskDelay)
    vTaskResume                              0x08005449   Thumb Code    82  tasks.o(i.vTaskResume)
    vTaskStartScheduler                      0x080054a5   Thumb Code    58  tasks.o(i.vTaskStartScheduler)
    vTaskSuspend                             0x080054f1   Thumb Code   128  tasks.o(i.vTaskSuspend)
    vTaskSuspendAll                          0x08005579   Thumb Code    10  tasks.o(i.vTaskSuspendAll)
    vTaskSwitchContext                       0x08005589   Thumb Code    78  tasks.o(i.vTaskSwitchContext)
    xPortStartScheduler                      0x080055e1   Thumb Code    40  port.o(i.xPortStartScheduler)
    xTaskCreate                              0x08005611   Thumb Code    78  tasks.o(i.xTaskCreate)
    xTaskIncrementTick                       0x08005661   Thumb Code   180  tasks.o(i.xTaskIncrementTick)
    xTaskResumeAll                           0x0800571d   Thumb Code   164  tasks.o(i.xTaskResumeAll)
    UARTPrescTable                           0x0800582c   Data          24  stm32g0xx_hal_uart.o(.constdata)
    AHBPrescTable                            0x08005854   Data          64  system_stm32g0xx.o(.constdata)
    APBPrescTable                            0x08005894   Data          32  system_stm32g0xx.o(.constdata)
    Region$$Table$$Base                      0x080058f0   Number         0  anon$$obj.o(Region$$Table)
    Region$$Table$$Limit                     0x08005910   Number         0  anon$$obj.o(Region$$Table)
    pwm1                                     0x20000000   Data           2  peripheral.o(.data)
    pwm2                                     0x20000002   Data           2  peripheral.o(.data)
    CRC8_TAB                                 0x20000004   Data         256  peripheral.o(.data)
    rx2buffer                                0x20000104   Data           4  peripheral.o(.data)
    SecSend                                  0x20000108   Data           1  main.o(.data)
    pDat                                     0x20000109   Data           1  main.o(.data)
    shangdain_flog                           0x2000010a   Data           1  main.o(.data)
    Uart3RxCount                             0x2000010c   Data           2  main.o(.data)
    lock_tongxu_flog                         0x20000110   Data           1  app_freertos.o(.data)
    Instructions                             0x20000111   Data           1  app_freertos.o(.data)
    lock_zhiling_look_flog                   0x20000112   Data           1  app_freertos.o(.data)
    lock_zhiling_look_1_flog                 0x20000113   Data           1  app_freertos.o(.data)
    Escalation_Flag                          0x20000114   Data           1  app_freertos.o(.data)
    zhiling_Flag                             0x20000115   Data           1  app_freertos.o(.data)
    lcok_up_erro_Flag                        0x20000116   Data           1  app_freertos.o(.data)
    zuzhuan_flog                             0x20000117   Data           1  app_freertos.o(.data)
    SysSec                                   0x20000118   Data           4  app_freertos.o(.data)
    SysSec_1                                 0x2000011c   Data           4  app_freertos.o(.data)
    zhiling_Time                             0x20000120   Data           4  app_freertos.o(.data)
    defaultTaskHandle                        0x20000124   Data           4  app_freertos.o(.data)
    myTask02Handle                           0x20000128   Data           4  app_freertos.o(.data)
    myTask03Handle                           0x2000012c   Data           4  app_freertos.o(.data)
    myTask04Handle                           0x20000130   Data           4  app_freertos.o(.data)
    myTask05Handle                           0x20000134   Data           4  app_freertos.o(.data)
    Info                                     0x20000138   Data           8  app_freertos.o(.data)
    Lock_Distance_Flag                       0x20000140   Data           1  usart.o(.data)
    rx3flag                                  0x20000141   Data           1  usart.o(.data)
    RX2_Buffer                               0x20000142   Data           4  usart.o(.data)
    Distance_Value                           0x20000148   Data           4  usart.o(.data)
    Lock_Distance_Time                       0x2000014c   Data           1  usart.o(.data)
    Lock_Statu_Flag                          0x2000014d   Data           1  usart.o(.data)
    uwTickFreq                               0x20000150   Data           1  stm32g0xx_hal.o(.data)
    uwTickPrio                               0x20000154   Data           4  stm32g0xx_hal.o(.data)
    uwTick                                   0x20000158   Data           4  stm32g0xx_hal.o(.data)
    SystemCoreClock                          0x2000015c   Data           4  system_stm32g0xx.o(.data)
    pxCurrentTCB                             0x20000160   Data           4  tasks.o(.data)
    __stdout                                 0x200001c0   Data           4  stdout.o(.data)
    STMFLASH_BUF                             0x200001d8   Data        2048  stmflash.o(.bss)
    Rxbuffer                                 0x200009d8   Data          20  main.o(.bss)
    Rxbuffer_1                               0x200009ec   Data          10  main.o(.bss)
    hadc1                                    0x200009f8   Data         100  adc.o(.bss)
    hiwdg                                    0x20000a5c   Data          16  iwdg.o(.bss)
    htim1                                    0x20000a6c   Data          76  tim.o(.bss)
    htim6                                    0x20000ab8   Data          76  tim.o(.bss)
    htim15                                   0x20000b04   Data          76  tim.o(.bss)
    RX3_Buffer                               0x20000b50   Data          20  usart.o(.bss)
    huart1                                   0x20000b64   Data         144  usart.o(.bss)
    huart2                                   0x20000bf4   Data         144  usart.o(.bss)
    huart3                                   0x20000c84   Data         144  usart.o(.bss)
    htim3                                    0x20000d14   Data          76  stm32g0xx_hal_timebase_tim.o(.bss)
    pFlash                                   0x20000d60   Data          28  stm32g0xx_hal_flash.o(.bss)
    __initial_sp                             0x20002a70   Data           0  startup_stm32g070xx.o(STACK)



==============================================================================

Memory Map of the image

  Image Entry point : 0x080000b9

  Load Region LR_IROM1 (Base: 0x08000000, Size: 0x00005ad4, Max: 0x00020000, ABSOLUTE, COMPRESSED[0x00005a24])

    Execution Region ER_IROM1 (Exec base: 0x08000000, Load base: 0x08000000, Size: 0x00005910, Max: 0x00020000, ABSOLUTE)

    Exec Addr    Load Addr    Size         Type   Attr      Idx    E Section Name        Object

    0x08000000   0x08000000   0x000000b8   Data   RO            3    RESET               startup_stm32g070xx.o
    0x080000b8   0x080000b8   0x00000000   Code   RO         5086  * .ARM.Collect$$$$00000000  mc_p.l(entry.o)
    0x080000b8   0x080000b8   0x00000004   Code   RO         5360    .ARM.Collect$$$$00000001  mc_p.l(entry2.o)
    0x080000bc   0x080000bc   0x00000004   Code   RO         5363    .ARM.Collect$$$$00000004  mc_p.l(entry5.o)
    0x080000c0   0x080000c0   0x00000000   Code   RO         5365    .ARM.Collect$$$$00000008  mc_p.l(entry7b.o)
    0x080000c0   0x080000c0   0x00000000   Code   RO         5367    .ARM.Collect$$$$0000000A  mc_p.l(entry8b.o)
    0x080000c0   0x080000c0   0x00000008   Code   RO         5368    .ARM.Collect$$$$0000000B  mc_p.l(entry9a.o)
    0x080000c8   0x080000c8   0x00000000   Code   RO         5370    .ARM.Collect$$$$0000000D  mc_p.l(entry10a.o)
    0x080000c8   0x080000c8   0x00000000   Code   RO         5372    .ARM.Collect$$$$0000000F  mc_p.l(entry11a.o)
    0x080000c8   0x080000c8   0x00000004   Code   RO         5361    .ARM.Collect$$$$00002712  mc_p.l(entry2.o)
    0x080000cc   0x080000cc   0x00000078   Code   RO         5015    .emb_text           port.o
    0x08000144   0x08000144   0x0000001c   Code   RO            4    .text               startup_stm32g070xx.o
    0x08000160   0x08000160   0x0000002c   Code   RO         5089    .text               mc_p.l(uidiv.o)
    0x0800018c   0x0800018c   0x00000024   Code   RO         5091    .text               mc_p.l(memcpya.o)
    0x080001b0   0x080001b0   0x00000024   Code   RO         5095    .text               mc_p.l(memseta.o)
    0x080001d4   0x080001d4   0x00000060   Code   RO         5375    .text               mc_p.l(uldiv.o)
    0x08000234   0x08000234   0x00000024   Code   RO         5388    .text               mc_p.l(init.o)
    0x08000258   0x08000258   0x00000020   Code   RO         5390    .text               mc_p.l(llshl.o)
    0x08000278   0x08000278   0x00000022   Code   RO         5392    .text               mc_p.l(llushr.o)
    0x0800029a   0x0800029a   0x0000003a   Code   RO         5408    .text               mc_p.l(__dczerorl.o)
    0x080002d4   0x080002d4   0x0000002c   Code   RO          546    i.ADC1_GetVaule     adc.o
    0x08000300   0x08000300   0x00000010   Code   RO          758    i.ADC1_IRQHandler   stm32g0xx_it.o
    0x08000310   0x08000310   0x000000b4   Code   RO          878    i.ADC_Enable        stm32g0xx_hal_adc.o
    0x080003c4   0x080003c4   0x00000050   Code   RO          470    i.Abnormal_Handle_Task  app_freertos.o
    0x08000414   0x08000414   0x00000050   Code   RO           12    i.Address_Send      peripheral.o
    0x08000464   0x08000464   0x0000004c   Code   RO           13    i.BEEP_Abnormal     peripheral.o
    0x080004b0   0x080004b0   0x00000020   Code   RO           14    i.BEEP_Init         peripheral.o
    0x080004d0   0x080004d0   0x00000040   Code   RO          471    i.BEEP_Task         app_freertos.o
    0x08000510   0x08000510   0x00000024   Code   RO           17    i.CRC8_Tab          peripheral.o
    0x08000534   0x08000534   0x00000004   Code   RO          324    i.Error_Handler     main.o
    0x08000538   0x08000538   0x00000014   Code   RO         1424    i.FLASH_MassErase   stm32g0xx_hal_flash_ex.o
    0x0800054c   0x0800054c   0x00000020   Code   RO         1428    i.FLASH_PageErase   stm32g0xx_hal_flash_ex.o
    0x0800056c   0x0800056c   0x0000001c   Code   RO         1318    i.FLASH_Program_DoubleWord  stm32g0xx_hal_flash.o
    0x08000588   0x08000588   0x00000034   Code   RO         1319    i.FLASH_Program_Fast  stm32g0xx_hal_flash.o
    0x080005bc   0x080005bc   0x00000064   Code   RO         1320    i.FLASH_WaitForLastOperation  stm32g0xx_hal_flash.o
    0x08000620   0x08000620   0x00000058   Code   RO           18    i.Fina              peripheral.o
    0x08000678   0x08000678   0x00000002   Code   RO         1088    i.HAL_ADCEx_ChannelConfigReadyCallback  stm32g0xx_hal_adc_ex.o
    0x0800067a   0x0800067a   0x00000002   Code   RO         1090    i.HAL_ADCEx_EndOfSamplingCallback  stm32g0xx_hal_adc_ex.o
    0x0800067c   0x0800067c   0x00000002   Code   RO         1091    i.HAL_ADCEx_LevelOutOfWindow2Callback  stm32g0xx_hal_adc_ex.o
    0x0800067e   0x0800067e   0x00000002   Code   RO         1092    i.HAL_ADCEx_LevelOutOfWindow3Callback  stm32g0xx_hal_adc_ex.o
    0x08000680   0x08000680   0x00000224   Code   RO          880    i.HAL_ADC_ConfigChannel  stm32g0xx_hal_adc.o
    0x080008a4   0x080008a4   0x00000002   Code   RO          881    i.HAL_ADC_ConvCpltCallback  stm32g0xx_hal_adc.o
    0x080008a6   0x080008a6   0x00000002   Code   RO          884    i.HAL_ADC_ErrorCallback  stm32g0xx_hal_adc.o
    0x080008a8   0x080008a8   0x00000006   Code   RO          887    i.HAL_ADC_GetValue  stm32g0xx_hal_adc.o
    0x080008ae   0x080008ae   0x00000002   PAD
    0x080008b0   0x080008b0   0x00000150   Code   RO          888    i.HAL_ADC_IRQHandler  stm32g0xx_hal_adc.o
    0x08000a00   0x08000a00   0x00000220   Code   RO          889    i.HAL_ADC_Init      stm32g0xx_hal_adc.o
    0x08000c20   0x08000c20   0x00000002   Code   RO          890    i.HAL_ADC_LevelOutOfWindowCallback  stm32g0xx_hal_adc.o
    0x08000c22   0x08000c22   0x00000002   PAD
    0x08000c24   0x08000c24   0x0000008c   Code   RO          548    i.HAL_ADC_MspInit   adc.o
    0x08000cb0   0x08000cb0   0x00000068   Code   RO          895    i.HAL_ADC_Start     stm32g0xx_hal_adc.o
    0x08000d18   0x08000d18   0x00000074   Code   RO         1576    i.HAL_DMA_Abort     stm32g0xx_hal_dma.o
    0x08000d8c   0x08000d8c   0x0000007c   Code   RO         1577    i.HAL_DMA_Abort_IT  stm32g0xx_hal_dma.o
    0x08000e08   0x08000e08   0x00000024   Code   RO         2034    i.HAL_Delay         stm32g0xx_hal.o
    0x08000e2c   0x08000e2c   0x00000088   Code   RO         1429    i.HAL_FLASHEx_Erase  stm32g0xx_hal_flash_ex.o
    0x08000eb4   0x08000eb4   0x0000001c   Code   RO         1324    i.HAL_FLASH_Lock    stm32g0xx_hal_flash.o
    0x08000ed0   0x08000ed0   0x00000060   Code   RO         1329    i.HAL_FLASH_Program  stm32g0xx_hal_flash.o
    0x08000f30   0x08000f30   0x00000028   Code   RO         1331    i.HAL_FLASH_Unlock  stm32g0xx_hal_flash.o
    0x08000f58   0x08000f58   0x0000015c   Code   RO         1509    i.HAL_GPIO_Init     stm32g0xx_hal_gpio.o
    0x080010b4   0x080010b4   0x0000000a   Code   RO         1511    i.HAL_GPIO_ReadPin  stm32g0xx_hal_gpio.o
    0x080010be   0x080010be   0x00000010   Code   RO         1512    i.HAL_GPIO_TogglePin  stm32g0xx_hal_gpio.o
    0x080010ce   0x080010ce   0x0000000c   Code   RO         1513    i.HAL_GPIO_WritePin  stm32g0xx_hal_gpio.o
    0x080010da   0x080010da   0x00000002   PAD
    0x080010dc   0x080010dc   0x0000000c   Code   RO         2038    i.HAL_GetTick       stm32g0xx_hal.o
    0x080010e8   0x080010e8   0x0000006c   Code   RO         2285    i.HAL_IWDG_Init     stm32g0xx_hal_iwdg.o
    0x08001154   0x08001154   0x00000010   Code   RO         2044    i.HAL_IncTick       stm32g0xx_hal.o
    0x08001164   0x08001164   0x00000028   Code   RO         2045    i.HAL_Init          stm32g0xx_hal.o
    0x0800118c   0x0800118c   0x00000078   Code   RO          838    i.HAL_InitTick      stm32g0xx_hal_timebase_tim.o
    0x08001204   0x08001204   0x0000003c   Code   RO          818    i.HAL_MspInit       stm32g0xx_hal_msp.o
    0x08001240   0x08001240   0x00000018   Code   RO         1922    i.HAL_NVIC_EnableIRQ  stm32g0xx_hal_cortex.o
    0x08001258   0x08001258   0x00000008   Code   RO         1926    i.HAL_NVIC_SetPriority  stm32g0xx_hal_cortex.o
    0x08001260   0x08001260   0x0000004c   Code   RO         1807    i.HAL_PWREx_ControlVoltageScaling  stm32g0xx_hal_pwr_ex.o
    0x080012ac   0x080012ac   0x00000160   Code   RO         1275    i.HAL_RCCEx_PeriphCLKConfig  stm32g0xx_hal_rcc_ex.o
    0x0800140c   0x0800140c   0x00000158   Code   RO         1159    i.HAL_RCC_ClockConfig  stm32g0xx_hal_rcc.o
    0x08001564   0x08001564   0x00000038   Code   RO         1164    i.HAL_RCC_GetClockConfig  stm32g0xx_hal_rcc.o
    0x0800159c   0x0800159c   0x00000028   Code   RO         1167    i.HAL_RCC_GetPCLK1Freq  stm32g0xx_hal_rcc.o
    0x080015c4   0x080015c4   0x0000008c   Code   RO         1169    i.HAL_RCC_GetSysClockFreq  stm32g0xx_hal_rcc.o
    0x08001650   0x08001650   0x000003d8   Code   RO         1173    i.HAL_RCC_OscConfig  stm32g0xx_hal_rcc.o
    0x08001a28   0x08001a28   0x00000014   Code   RO         2054    i.HAL_SYSCFG_StrobeDBattpinsConfig  stm32g0xx_hal.o
    0x08001a3c   0x08001a3c   0x00000002   Code   RO         3023    i.HAL_TIMEx_Break2Callback  stm32g0xx_hal_tim_ex.o
    0x08001a3e   0x08001a3e   0x00000002   Code   RO         3024    i.HAL_TIMEx_BreakCallback  stm32g0xx_hal_tim_ex.o
    0x08001a40   0x08001a40   0x00000002   Code   RO         3025    i.HAL_TIMEx_CommutCallback  stm32g0xx_hal_tim_ex.o
    0x08001a42   0x08001a42   0x00000002   PAD
    0x08001a44   0x08001a44   0x000000ac   Code   RO         3027    i.HAL_TIMEx_ConfigBreakDeadTime  stm32g0xx_hal_tim_ex.o
    0x08001af0   0x08001af0   0x0000006c   Code   RO         3046    i.HAL_TIMEx_MasterConfigSynchronization  stm32g0xx_hal_tim_ex.o
    0x08001b5c   0x08001b5c   0x00000094   Code   RO         3057    i.HAL_TIMEx_PWMN_Start  stm32g0xx_hal_tim_ex.o
    0x08001bf0   0x08001bf0   0x0000004c   Code   RO         2313    i.HAL_TIM_Base_Init  stm32g0xx_hal_tim.o
    0x08001c3c   0x08001c3c   0x00000064   Code   RO          617    i.HAL_TIM_Base_MspInit  tim.o
    0x08001ca0   0x08001ca0   0x0000005c   Code   RO         2318    i.HAL_TIM_Base_Start_IT  stm32g0xx_hal_tim.o
    0x08001cfc   0x08001cfc   0x000000e0   Code   RO         2322    i.HAL_TIM_ConfigClockSource  stm32g0xx_hal_tim.o
    0x08001ddc   0x08001ddc   0x00000002   Code   RO         2347    i.HAL_TIM_IC_CaptureCallback  stm32g0xx_hal_tim.o
    0x08001dde   0x08001dde   0x00000002   PAD
    0x08001de0   0x08001de0   0x00000184   Code   RO         2361    i.HAL_TIM_IRQHandler  stm32g0xx_hal_tim.o
    0x08001f64   0x08001f64   0x00000074   Code   RO          618    i.HAL_TIM_MspPostInit  tim.o
    0x08001fd8   0x08001fd8   0x00000002   Code   RO         2364    i.HAL_TIM_OC_DelayElapsedCallback  stm32g0xx_hal_tim.o
    0x08001fda   0x08001fda   0x00000128   Code   RO         2385    i.HAL_TIM_PWM_ConfigChannel  stm32g0xx_hal_tim.o
    0x08002102   0x08002102   0x0000004c   Code   RO         2388    i.HAL_TIM_PWM_Init  stm32g0xx_hal_tim.o
    0x0800214e   0x0800214e   0x00000002   Code   RO         2390    i.HAL_TIM_PWM_MspInit  stm32g0xx_hal_tim.o
    0x08002150   0x08002150   0x00000002   Code   RO         2391    i.HAL_TIM_PWM_PulseFinishedCallback  stm32g0xx_hal_tim.o
    0x08002152   0x08002152   0x00000002   PAD
    0x08002154   0x08002154   0x0000006c   Code   RO          325    i.HAL_TIM_PeriodElapsedCallback  main.o
    0x080021c0   0x080021c0   0x00000002   Code   RO         2404    i.HAL_TIM_TriggerCallback  stm32g0xx_hal_tim.o
    0x080021c2   0x080021c2   0x0000003c   Code   RO         3738    i.HAL_UARTEx_DisableFifoMode  stm32g0xx_hal_uart_ex.o
    0x080021fe   0x080021fe   0x00000070   Code   RO         3744    i.HAL_UARTEx_ReceiveToIdle_IT  stm32g0xx_hal_uart_ex.o
    0x0800226e   0x0800226e   0x00000002   PAD
    0x08002270   0x08002270   0x00000028   Code   RO          678    i.HAL_UARTEx_RxEventCallback  usart.o
    0x08002298   0x08002298   0x00000002   Code   RO         3745    i.HAL_UARTEx_RxFifoFullCallback  stm32g0xx_hal_uart_ex.o
    0x0800229a   0x0800229a   0x00000048   Code   RO         3746    i.HAL_UARTEx_SetRxFifoThreshold  stm32g0xx_hal_uart_ex.o
    0x080022e2   0x080022e2   0x00000046   Code   RO         3747    i.HAL_UARTEx_SetTxFifoThreshold  stm32g0xx_hal_uart_ex.o
    0x08002328   0x08002328   0x00000002   Code   RO         3749    i.HAL_UARTEx_TxFifoEmptyCallback  stm32g0xx_hal_uart_ex.o
    0x0800232a   0x0800232a   0x00000002   Code   RO         3750    i.HAL_UARTEx_WakeupCallback  stm32g0xx_hal_uart_ex.o
    0x0800232c   0x0800232c   0x00000010   Code   RO          326    i.HAL_UART_ErrorCallback  main.o
    0x0800233c   0x0800233c   0x000002e8   Code   RO         3350    i.HAL_UART_IRQHandler  stm32g0xx_hal_uart.o
    0x08002624   0x08002624   0x0000006c   Code   RO         3351    i.HAL_UART_Init     stm32g0xx_hal_uart.o
    0x08002690   0x08002690   0x00000150   Code   RO          680    i.HAL_UART_MspInit  usart.o
    0x080027e0   0x080027e0   0x00000058   Code   RO         3356    i.HAL_UART_Receive_IT  stm32g0xx_hal_uart.o
    0x08002838   0x08002838   0x00000014   Code   RO          327    i.HAL_UART_RxCpltCallback  main.o
    0x0800284c   0x0800284c   0x000000d8   Code   RO         3360    i.HAL_UART_Transmit  stm32g0xx_hal_uart.o
    0x08002924   0x08002924   0x00000002   Code   RO         3363    i.HAL_UART_TxCpltCallback  stm32g0xx_hal_uart.o
    0x08002926   0x08002926   0x00000002   Code   RO          759    i.HardFault_Handler  stm32g0xx_it.o
    0x08002928   0x08002928   0x00000028   Code   RO          472    i.IWDG_Task         app_freertos.o
    0x08002950   0x08002950   0x0000002c   Code   RO           19    i.Infrared_Detection  peripheral.o
    0x0800297c   0x0800297c   0x00000010   Code   RO           20    i.LED_Init          peripheral.o
    0x0800298c   0x0800298c   0x00000008   Code   RO          901    i.LL_ADC_IsEnabled  stm32g0xx_hal_adc.o
    0x08002994   0x08002994   0x00000008   Code   RO          902    i.LL_ADC_REG_IsConversionOngoing  stm32g0xx_hal_adc.o
    0x0800299c   0x0800299c   0x00000010   Code   RO          903    i.LL_ADC_REG_IsTriggerSourceSWStart  stm32g0xx_hal_adc.o
    0x080029ac   0x080029ac   0x0000000e   Code   RO          905    i.LL_ADC_SetCommonPathInternalCh  stm32g0xx_hal_adc.o
    0x080029ba   0x080029ba   0x00000016   Code   RO          906    i.LL_ADC_SetSamplingTimeCommonChannels  stm32g0xx_hal_adc.o
    0x080029d0   0x080029d0   0x00000098   Code   RO           21    i.Lock_Com_feedback  peripheral.o
    0x08002a68   0x08002a68   0x0000006c   Code   RO           22    i.Lock_Statu_Send   peripheral.o
    0x08002ad4   0x08002ad4   0x0000006c   Code   RO           23    i.MOTOR_SA8321_Control  peripheral.o
    0x08002b40   0x08002b40   0x00000070   Code   RO          549    i.MX_ADC1_Init      adc.o
    0x08002bb0   0x08002bb0   0x00000084   Code   RO          473    i.MX_FREERTOS_Init  app_freertos.o
    0x08002c34   0x08002c34   0x000000ac   Code   RO          450    i.MX_GPIO_Init      gpio.o
    0x08002ce0   0x08002ce0   0x00000030   Code   RO          590    i.MX_IWDG_Init      iwdg.o
    0x08002d10   0x08002d10   0x000000dc   Code   RO          619    i.MX_TIM15_Init     tim.o
    0x08002dec   0x08002dec   0x000000d8   Code   RO          620    i.MX_TIM15_Init_1   tim.o
    0x08002ec4   0x08002ec4   0x000000fc   Code   RO          621    i.MX_TIM1_Init      tim.o
    0x08002fc0   0x08002fc0   0x0000004c   Code   RO          622    i.MX_TIM6_Init      tim.o
    0x0800300c   0x0800300c   0x00000068   Code   RO          681    i.MX_USART1_UART_Init  usart.o
    0x08003074   0x08003074   0x00000068   Code   RO          682    i.MX_USART2_UART_Init  usart.o
    0x080030dc   0x080030dc   0x0000003c   Code   RO          683    i.MX_USART3_UART_Init  usart.o
    0x08003118   0x08003118   0x00000418   Code   RO          474    i.Main_Task         app_freertos.o
    0x08003530   0x08003530   0x00000002   Code   RO          760    i.NMI_Handler       stm32g0xx_it.o
    0x08003532   0x08003532   0x0000000c   Code   RO           24    i.Peripheral_Init   peripheral.o
    0x0800353e   0x0800353e   0x00000002   PAD
    0x08003540   0x08003540   0x00000028   Code   RO           25    i.RCWL_1655_or_9631_UART_Ranging  peripheral.o
    0x08003568   0x08003568   0x00000078   Code   RO          328    i.Re485_Scan        main.o
    0x080035e0   0x080035e0   0x00000048   Code   RO           26    i.Read_Add          peripheral.o
    0x08003628   0x08003628   0x00000048   Code   RO           27    i.Read_Version      peripheral.o
    0x08003670   0x08003670   0x00000038   Code   RO          329    i.RxScan            main.o
    0x080036a8   0x080036a8   0x0000001c   Code   RO          282    i.STMFLASH_Read     stmflash.o
    0x080036c4   0x080036c4   0x000000e8   Code   RO          284    i.STMFLASH_Write    stmflash.o
    0x080037ac   0x080037ac   0x00000026   Code   RO          285    i.STMFLASH_Write_NoCheck  stmflash.o
    0x080037d2   0x080037d2   0x00000002   Code   RO         5016    i.SVC_Handler       port.o
    0x080037d4   0x080037d4   0x00000024   Code   RO         5017    i.SysTick_Handler   port.o
    0x080037f8   0x080037f8   0x00000072   Code   RO          330    i.SystemClock_Config  main.o
    0x0800386a   0x0800386a   0x00000002   Code   RO         3847    i.SystemInit        system_stm32g0xx.o
    0x0800386c   0x0800386c   0x00000010   Code   RO          761    i.TIM3_IRQHandler   stm32g0xx_it.o
    0x0800387c   0x0800387c   0x00000010   Code   RO          762    i.TIM6_IRQHandler   stm32g0xx_it.o
    0x0800388c   0x0800388c   0x00000088   Code   RO         2406    i.TIM_Base_SetConfig  stm32g0xx_hal_tim.o
    0x08003914   0x08003914   0x0000001a   Code   RO         3068    i.TIM_CCxNChannelCmd  stm32g0xx_hal_tim_ex.o
    0x0800392e   0x0800392e   0x00000016   Code   RO         2417    i.TIM_ETR_SetConfig  stm32g0xx_hal_tim.o
    0x08003944   0x08003944   0x00000014   Code   RO         2418    i.TIM_ITRx_SetConfig  stm32g0xx_hal_tim.o
    0x08003958   0x08003958   0x0000008c   Code   RO         2419    i.TIM_OC1_SetConfig  stm32g0xx_hal_tim.o
    0x080039e4   0x080039e4   0x00000084   Code   RO         2420    i.TIM_OC2_SetConfig  stm32g0xx_hal_tim.o
    0x08003a68   0x08003a68   0x00000088   Code   RO         2421    i.TIM_OC3_SetConfig  stm32g0xx_hal_tim.o
    0x08003af0   0x08003af0   0x00000074   Code   RO         2422    i.TIM_OC4_SetConfig  stm32g0xx_hal_tim.o
    0x08003b64   0x08003b64   0x00000064   Code   RO         2423    i.TIM_OC5_SetConfig  stm32g0xx_hal_tim.o
    0x08003bc8   0x08003bc8   0x0000006c   Code   RO         2424    i.TIM_OC6_SetConfig  stm32g0xx_hal_tim.o
    0x08003c34   0x08003c34   0x00000022   Code   RO         2426    i.TIM_TI1_ConfigInputStage  stm32g0xx_hal_tim.o
    0x08003c56   0x08003c56   0x00000026   Code   RO         2428    i.TIM_TI2_ConfigInputStage  stm32g0xx_hal_tim.o
    0x08003c7c   0x08003c7c   0x00000014   Code   RO           28    i.TransceiverControl_DJSF1778_S  peripheral.o
    0x08003c90   0x08003c90   0x00000044   Code   RO         3751    i.UARTEx_SetNbDataToProcess  stm32g0xx_hal_uart_ex.o
    0x08003cd4   0x08003cd4   0x000000ca   Code   RO         3365    i.UART_AdvFeatureConfig  stm32g0xx_hal_uart.o
    0x08003d9e   0x08003d9e   0x00000002   PAD
    0x08003da0   0x08003da0   0x00000064   Code   RO         3366    i.UART_CheckIdleState  stm32g0xx_hal_uart.o
    0x08003e04   0x08003e04   0x00000014   Code   RO         3367    i.UART_DMAAbortOnError  stm32g0xx_hal_uart.o
    0x08003e18   0x08003e18   0x00000064   Code   RO         3377    i.UART_EndRxTransfer  stm32g0xx_hal_uart.o
    0x08003e7c   0x08003e7c   0x000000ac   Code   RO         3379    i.UART_RxISR_16BIT  stm32g0xx_hal_uart.o
    0x08003f28   0x08003f28   0x0000018c   Code   RO         3380    i.UART_RxISR_16BIT_FIFOEN  stm32g0xx_hal_uart.o
    0x080040b4   0x080040b4   0x000000ac   Code   RO         3381    i.UART_RxISR_8BIT   stm32g0xx_hal_uart.o
    0x08004160   0x08004160   0x0000018c   Code   RO         3382    i.UART_RxISR_8BIT_FIFOEN  stm32g0xx_hal_uart.o
    0x080042ec   0x080042ec   0x00000190   Code   RO         3383    i.UART_SetConfig    stm32g0xx_hal_uart.o
    0x0800447c   0x0800447c   0x00000134   Code   RO         3385    i.UART_Start_Receive_IT  stm32g0xx_hal_uart.o
    0x080045b0   0x080045b0   0x000000d2   Code   RO         3390    i.UART_WaitOnFlagUntilTimeout  stm32g0xx_hal_uart.o
    0x08004682   0x08004682   0x00000002   PAD
    0x08004684   0x08004684   0x00000010   Code   RO          763    i.USART2_IRQHandler  stm32g0xx_it.o
    0x08004694   0x08004694   0x00000010   Code   RO          764    i.USART3_4_IRQHandler  stm32g0xx_it.o
    0x080046a4   0x080046a4   0x00000054   Code   RO          684    i.USRT2_receive_handle  usart.o
    0x080046f8   0x080046f8   0x000001d0   Code   RO          475    i.WuXian_Task       app_freertos.o
    0x080048c8   0x080048c8   0x00000020   Code   RO         5306    i.__0printf$8       mc_p.l(printf8.o)
    0x080048e8   0x080048e8   0x0000001a   Code   RO          527    i.__ARM_common_switch8  app_freertos.o
    0x08004902   0x08004902   0x00000002   PAD
    0x08004904   0x08004904   0x00000044   Code   RO         1932    i.__NVIC_SetPriority  stm32g0xx_hal_cortex.o
    0x08004948   0x08004948   0x0000001c   Code   RO          476    i.__NVIC_SystemReset  app_freertos.o
    0x08004964   0x08004964   0x0000000e   Code   RO         5402    i.__scatterload_copy  mc_p.l(handlers.o)
    0x08004972   0x08004972   0x00000002   Code   RO         5403    i.__scatterload_null  mc_p.l(handlers.o)
    0x08004974   0x08004974   0x0000000e   Code   RO         5404    i.__scatterload_zeroinit  mc_p.l(handlers.o)
    0x08004982   0x08004982   0x00000002   PAD
    0x08004984   0x08004984   0x00000428   Code   RO         5313    i._printf_core      mc_p.l(printf8.o)
    0x08004dac   0x08004dac   0x00000020   Code   RO         5314    i._printf_post_padding  mc_p.l(printf8.o)
    0x08004dcc   0x08004dcc   0x0000002c   Code   RO         5315    i._printf_pre_padding  mc_p.l(printf8.o)
    0x08004df8   0x08004df8   0x0000001c   Code   RO          331    i.fputc             main.o
    0x08004e14   0x08004e14   0x000000a8   Code   RO          332    i.main              main.o
    0x08004ebc   0x08004ebc   0x0000000c   Code   RO         4611    i.makeFreeRtosPriority  cmsis_os.o
    0x08004ec8   0x08004ec8   0x00000010   Code   RO         4613    i.osDelay           cmsis_os.o
    0x08004ed8   0x08004ed8   0x0000000a   Code   RO         4616    i.osKernelStart     cmsis_os.o
    0x08004ee2   0x08004ee2   0x0000002e   Code   RO         4650    i.osThreadCreate    cmsis_os.o
    0x08004f10   0x08004f10   0x00000058   Code   RO         4300    i.prvAddCurrentTaskToDelayedList  tasks.o
    0x08004f68   0x08004f68   0x000000b8   Code   RO         4301    i.prvAddNewTaskToReadyList  tasks.o
    0x08005020   0x08005020   0x00000012   Code   RO         4302    i.prvDeleteTCB      tasks.o
    0x08005032   0x08005032   0x00000002   PAD
    0x08005034   0x08005034   0x00000044   Code   RO         4960    i.prvHeapInit       heap_4.o
    0x08005078   0x08005078   0x00000048   Code   RO         4303    i.prvIdleTask       tasks.o
    0x080050c0   0x080050c0   0x0000008a   Code   RO         4304    i.prvInitialiseNewTask  tasks.o
    0x0800514a   0x0800514a   0x00000002   PAD
    0x0800514c   0x0800514c   0x0000004c   Code   RO         4961    i.prvInsertBlockIntoFreeList  heap_4.o
    0x08005198   0x08005198   0x00000020   Code   RO         4305    i.prvResetNextTaskUnblockTime  tasks.o
    0x080051b8   0x080051b8   0x00000014   Code   RO         5018    i.prvTaskExitError  port.o
    0x080051cc   0x080051cc   0x0000002c   Code   RO         4306    i.prvTaskIsTaskSuspended  tasks.o
    0x080051f8   0x080051f8   0x000000b8   Code   RO         4962    i.pvPortMalloc      heap_4.o
    0x080052b0   0x080052b0   0x00000020   Code   RO         5019    i.pxPortInitialiseStack  port.o
    0x080052d0   0x080052d0   0x00000026   Code   RO         3967    i.uxListRemove      list.o
    0x080052f6   0x080052f6   0x00000016   Code   RO         3968    i.vListInitialise   list.o
    0x0800530c   0x0800530c   0x00000006   Code   RO         3969    i.vListInitialiseItem  list.o
    0x08005312   0x08005312   0x00000030   Code   RO         3970    i.vListInsert       list.o
    0x08005342   0x08005342   0x00000018   Code   RO         3971    i.vListInsertEnd    list.o
    0x0800535a   0x0800535a   0x00000002   PAD
    0x0800535c   0x0800535c   0x00000018   Code   RO         5021    i.vPortEnterCritical  port.o
    0x08005374   0x08005374   0x0000001c   Code   RO         5022    i.vPortExitCritical  port.o
    0x08005390   0x08005390   0x00000048   Code   RO         4963    i.vPortFree         heap_4.o
    0x080053d8   0x080053d8   0x00000028   Code   RO         5023    i.vPortSetupTimerInterrupt  port.o
    0x08005400   0x08005400   0x00000018   Code   RO         5024    i.vPortYield        port.o
    0x08005418   0x08005418   0x00000030   Code   RO         4314    i.vTaskDelay        tasks.o
    0x08005448   0x08005448   0x0000005c   Code   RO         4325    i.vTaskResume       tasks.o
    0x080054a4   0x080054a4   0x0000004c   Code   RO         4327    i.vTaskStartScheduler  tasks.o
    0x080054f0   0x080054f0   0x00000088   Code   RO         4328    i.vTaskSuspend      tasks.o
    0x08005578   0x08005578   0x00000010   Code   RO         4329    i.vTaskSuspendAll   tasks.o
    0x08005588   0x08005588   0x00000058   Code   RO         4330    i.vTaskSwitchContext  tasks.o
    0x080055e0   0x080055e0   0x00000030   Code   RO         5025    i.xPortStartScheduler  port.o
    0x08005610   0x08005610   0x0000004e   Code   RO         4333    i.xTaskCreate       tasks.o
    0x0800565e   0x0800565e   0x00000002   PAD
    0x08005660   0x08005660   0x000000bc   Code   RO         4340    i.xTaskIncrementTick  tasks.o
    0x0800571c   0x0800571c   0x000000ac   Code   RO         4346    i.xTaskResumeAll    tasks.o
    0x080057c8   0x080057c8   0x00000064   Data   RO          477    .constdata          app_freertos.o
    0x0800582c   0x0800582c   0x00000018   Data   RO         3391    .constdata          stm32g0xx_hal_uart.o
    0x08005844   0x08005844   0x00000010   Data   RO         3752    .constdata          stm32g0xx_hal_uart_ex.o
    0x08005854   0x08005854   0x00000040   Data   RO         3848    .constdata          system_stm32g0xx.o
    0x08005894   0x08005894   0x00000020   Data   RO         3849    .constdata          system_stm32g0xx.o
    0x080058b4   0x080058b4   0x0000003c   Data   RO          478    .conststring        app_freertos.o
    0x080058f0   0x080058f0   0x00000020   Data   RO         5400    Region$$Table       anon$$obj.o


    Execution Region RW_IRAM1 (Exec base: 0x20000000, Load base: 0x08005910, Size: 0x00002a70, Max: 0x00009000, ABSOLUTE, COMPRESSED[0x00000114])

    Exec Addr    Load Addr    Size         Type   Attr      Idx    E Section Name        Object

    0x20000000   COMPRESSED   0x00000104   Data   RW           31    .data               peripheral.o
    0x20000104   COMPRESSED   0x00000004   Data   RW           32    .data               peripheral.o
    0x20000108   COMPRESSED   0x00000008   Data   RW          334    .data               main.o
    0x20000110   COMPRESSED   0x00000030   Data   RW          479    .data               app_freertos.o
    0x20000140   COMPRESSED   0x0000000c   Data   RW          687    .data               usart.o
    0x2000014c   COMPRESSED   0x00000001   Data   RW          692    .data               usart.o
    0x2000014d   COMPRESSED   0x00000001   Data   RW          696    .data               usart.o
    0x2000014e   COMPRESSED   0x00000002   PAD
    0x20000150   COMPRESSED   0x0000000c   Data   RW         2057    .data               stm32g0xx_hal.o
    0x2000015c   COMPRESSED   0x00000004   Data   RW         3850    .data               system_stm32g0xx.o
    0x20000160   COMPRESSED   0x0000003c   Data   RW         4349    .data               tasks.o
    0x2000019c   COMPRESSED   0x00000020   Data   RW         4969    .data               heap_4.o
    0x200001bc   COMPRESSED   0x00000004   Data   RW         5026    .data               port.o
    0x200001c0   COMPRESSED   0x00000004   Data   RW         5374    .data               mc_p.l(stdout.o)
    0x200001c4   COMPRESSED   0x00000004   PAD
    0x200001c8        -       0x00000810   Zero   RW          286    .bss                stmflash.o
    0x200009d8        -       0x0000001e   Zero   RW          333    .bss                main.o
    0x200009f6   COMPRESSED   0x00000002   PAD
    0x200009f8        -       0x00000064   Zero   RW          550    .bss                adc.o
    0x20000a5c        -       0x00000010   Zero   RW          591    .bss                iwdg.o
    0x20000a6c        -       0x000000e4   Zero   RW          623    .bss                tim.o
    0x20000b50        -       0x000001c4   Zero   RW          686    .bss                usart.o
    0x20000d14        -       0x0000004c   Zero   RW          841    .bss                stm32g0xx_hal_timebase_tim.o
    0x20000d60        -       0x0000001c   Zero   RW         1332    .bss                stm32g0xx_hal_flash.o
    0x20000d7c        -       0x000000f0   Zero   RW         4348    .bss                tasks.o
    0x20000e6c        -       0x00001800   Zero   RW         4968    .bss                heap_4.o
    0x2000266c   COMPRESSED   0x00000004   PAD
    0x20002670        -       0x00000400   Zero   RW            1    STACK               startup_stm32g070xx.o


==============================================================================

Image component sizes


      Code (inc. data)   RO Data    RW Data    ZI Data      Debug   Object Name

       296         28          0          0        100       2345   adc.o
      1882        686        160         48          0      16523   app_freertos.o
        84          0          0          0          0       7305   cmsis_os.o
         0          0          0          0          0       2484   event_groups.o
       172         10          0          0          0        975   gpio.o
       400         22          0         32       6144       4399   heap_4.o
        48         12          0          0         16        711   iwdg.o
       138          0          0          0          0       3490   list.o
       634        100          0          8         30      26269   main.o
       956        124          0        264          0     446615   peripheral.o
       374         56          0          4          0       7627   port.o
        28          8        184          0       1024        640   startup_stm32g070xx.o
       124         22          0         12          0      16389   stm32g0xx_hal.o
      1792         90          0          0          0      43594   stm32g0xx_hal_adc.o
         8          0          0          0          0       2721   stm32g0xx_hal_adc_ex.o
       100         14          0          0          0      11420   stm32g0xx_hal_cortex.o
       240         10          0          0          0       1983   stm32g0xx_hal_dma.o
       344         56          0          0         28      17066   stm32g0xx_hal_flash.o
       188         26          0          0          0       2906   stm32g0xx_hal_flash_ex.o
       386         18          0          0          0       3264   stm32g0xx_hal_gpio.o
       108         14          0          0          0       1344   stm32g0xx_hal_iwdg.o
        60          4          0          0          0        874   stm32g0xx_hal_msp.o
        76         14          0          0          0        762   stm32g0xx_hal_pwr_ex.o
      1564         96          0          0          0      21162   stm32g0xx_hal_rcc.o
       352         14          0          0          0       1684   stm32g0xx_hal_rcc_ex.o
      2144        180          0          0          0      16422   stm32g0xx_hal_tim.o
       460         32          0          0          0       5411   stm32g0xx_hal_tim_ex.o
       120         20          0          0         76       1479   stm32g0xx_hal_timebase_tim.o
      3634        104         24          0          0      41336   stm32g0xx_hal_uart.o
       388          6         16          0          0       6480   stm32g0xx_hal_uart_ex.o
        84         30          0          0          0       3266   stm32g0xx_it.o
       298          6          0          0       2064       3519   stmflash.o
         2          0         96          4          0       1179   system_stm32g0xx.o
      1470        106          0         60        240      19039   tasks.o
       980         80          0          0        228       4834   tim.o
       728         74          0         14        452       5119   usart.o

    ----------------------------------------------------------------------
     20692       2062        512        448      10408     752636   Object Totals
         0          0         32          0          0          0   (incl. Generated)
        30          0          0          2          6          0   (incl. Padding)

    ----------------------------------------------------------------------

      Code (inc. data)   RO Data    RW Data    ZI Data      Debug   Library Member Name

        58          0          0          0          0          0   __dczerorl.o
         0          0          0          0          0          0   entry.o
         0          0          0          0          0          0   entry10a.o
         0          0          0          0          0          0   entry11a.o
         8          4          0          0          0          0   entry2.o
         4          0          0          0          0          0   entry5.o
         0          0          0          0          0          0   entry7b.o
         0          0          0          0          0          0   entry8b.o
         8          4          0          0          0          0   entry9a.o
        30          0          0          0          0          0   handlers.o
        36          8          0          0          0         68   init.o
        32          0          0          0          0         68   llshl.o
        34          0          0          0          0         68   llushr.o
        36          0          0          0          0         60   memcpya.o
        36          0          0          0          0        100   memseta.o
      1172         52          0          0          0        324   printf8.o
         0          0          0          4          0          0   stdout.o
        44          0          0          0          0         72   uidiv.o
        96          0          0          0          0         84   uldiv.o

    ----------------------------------------------------------------------
      1596         68          0          4          4        844   Library Totals
         2          0          0          0          4          0   (incl. Padding)

    ----------------------------------------------------------------------

      Code (inc. data)   RO Data    RW Data    ZI Data      Debug   Library Name

      1594         68          0          4          0        844   mc_p.l

    ----------------------------------------------------------------------
      1596         68          0          4          4        844   Library Totals

    ----------------------------------------------------------------------

==============================================================================


      Code (inc. data)   RO Data    RW Data    ZI Data      Debug   

     22288       2130        512        452      10412     744588   Grand Totals
     22288       2130        512        276      10412     744588   ELF Image Totals (compressed)
     22288       2130        512        276          0          0   ROM Totals

==============================================================================

    Total RO  Size (Code + RO Data)                22800 (  22.27kB)
    Total RW  Size (RW Data + ZI Data)             10864 (  10.61kB)
    Total ROM Size (Code + RO Data + RW Data)      23076 (  22.54kB)

==============================================================================

